14:09:59 **** Incremental Build of configuration Debug for project SmartStripv2 ****
make -r -j4 all 
14:18:50 **** Incremental Build of configuration Debug for project SmartStripv2 ****
make -r -j4 all 
make: Nothing to be done for `all'.
14:19:31 **** Incremental Build of configuration Debug for project SmartStripv2 ****
make -r -j4 all 
make: Nothing to be done for `all'.
14:20:42 **** Incremental Build of configuration Debug for project SmartHigh ****
make -r -j4 all 
make: Nothing to be done for `all'.
14:20:52 **** Incremental Build of configuration Debug for project SmartStripv2 ****
make -r -j4 all 
make: Nothing to be done for `all'.
14:21:07 **** Incremental Build of configuration Debug for project SmartStripv2 ****
make -r -j4 all 
make: Nothing to be done for `all'.
14:24:25 **** Clean-only build of configuration Debug for project SmartStripv2 ****
make -r -j4 clean 
rm -rf  ./startup/startup_mkv11z7.o  ./source/SmartStripv2.o  ./drivers/fsl_clock.o ./drivers/fsl_common.o ./drivers/fsl_ftm.o ./drivers/fsl_gpio.o ./drivers/fsl_uart.o  ./board/board.o ./board/clock_config.o ./board/peripherals.o ./board/pin_mux.o  ./CMSIS/system_MKV11Z7.o  ./startup/startup_mkv11z7.d  ./source/SmartStripv2.d  ./drivers/fsl_clock.d ./drivers/fsl_common.d ./drivers/fsl_ftm.d ./drivers/fsl_gpio.d ./drivers/fsl_uart.d  ./board/board.d ./board/clock_config.d ./board/peripherals.d ./board/pin_mux.d  ./CMSIS/system_MKV11Z7.d  SmartStripv2.axf
 
14:24:29 **** Build of configuration Debug for project SmartStripv2 ****
make -r -j4 all 
Building file: ../startup/startup_mkv11z7.c
Building file: ../drivers/fsl_common.c
Building file: ../source/SmartStripv2.c
Building file: ../drivers/fsl_clock.c
Invoking: MCU C Compiler
Invoking: MCU C Compiler
arm-none-eabi-gcc -D__REDLIB__ -DSDK_OS_BAREMETAL -DFSL_RTOS_BM -DSDK_DEBUGCONSOLE=0 -DCR_INTEGER_PRINTF -DPRINTF_FLOAT_ENABLE=0 -DCPU_MKV11Z64VFM7 -DCPU_MKV11Z64VFM7_cm0plus -D__MCUXPRESSO -D__USE_CMSIS -DDEBUG -I../board -I../source -I../ -I../drivers -I../CMSIS -I../startup -O0 -fno-common -g3 -Wall -c -ffunction-sections -fdata-sections -ffreestanding -fno-builtin -mcpu=cortex-m0plus -mthumb -D__REDLIB__ -specs=redlib.specs -MMD -MP -MF"startup/startup_mkv11z7.d" -MT"startup/startup_mkv11z7.o" -MT"startup/startup_mkv11z7.d" -o "startup/startup_mkv11z7.o" "../startup/startup_mkv11z7.c"
Invoking: MCU C Compiler
arm-none-eabi-gcc -D__REDLIB__ -DSDK_OS_BAREMETAL -DFSL_RTOS_BM -DSDK_DEBUGCONSOLE=0 -DCR_INTEGER_PRINTF -DPRINTF_FLOAT_ENABLE=0 -DCPU_MKV11Z64VFM7 -DCPU_MKV11Z64VFM7_cm0plus -D__MCUXPRESSO -D__USE_CMSIS -DDEBUG -I../board -I../source -I../ -I../drivers -I../CMSIS -I../startup -O0 -fno-common -g3 -Wall -c -ffunction-sections -fdata-sections -ffreestanding -fno-builtin -mcpu=cortex-m0plus -mthumb -D__REDLIB__ -specs=redlib.specs -MMD -MP -MF"drivers/fsl_common.d" -MT"drivers/fsl_common.o" -MT"drivers/fsl_common.d" -o "drivers/fsl_common.o" "../drivers/fsl_common.c"
Invoking: MCU C Compiler
arm-none-eabi-gcc -D__REDLIB__ -DSDK_OS_BAREMETAL -DFSL_RTOS_BM -DSDK_DEBUGCONSOLE=0 -DCR_INTEGER_PRINTF -DPRINTF_FLOAT_ENABLE=0 -DCPU_MKV11Z64VFM7 -DCPU_MKV11Z64VFM7_cm0plus -D__MCUXPRESSO -D__USE_CMSIS -DDEBUG -I../board -I../source -I../ -I../drivers -I../CMSIS -I../startup -O0 -fno-common -g3 -Wall -c -ffunction-sections -fdata-sections -ffreestanding -fno-builtin -mcpu=cortex-m0plus -mthumb -D__REDLIB__ -specs=redlib.specs -MMD -MP -MF"source/SmartStripv2.d" -MT"source/SmartStripv2.o" -MT"source/SmartStripv2.d" -o "source/SmartStripv2.o" "../source/SmartStripv2.c"
arm-none-eabi-gcc -D__REDLIB__ -DSDK_OS_BAREMETAL -DFSL_RTOS_BM -DSDK_DEBUGCONSOLE=0 -DCR_INTEGER_PRINTF -DPRINTF_FLOAT_ENABLE=0 -DCPU_MKV11Z64VFM7 -DCPU_MKV11Z64VFM7_cm0plus -D__MCUXPRESSO -D__USE_CMSIS -DDEBUG -I../board -I../source -I../ -I../drivers -I../CMSIS -I../startup -O0 -fno-common -g3 -Wall -c -ffunction-sections -fdata-sections -ffreestanding -fno-builtin -mcpu=cortex-m0plus -mthumb -D__REDLIB__ -specs=redlib.specs -MMD -MP -MF"drivers/fsl_clock.d" -MT"drivers/fsl_clock.o" -MT"drivers/fsl_clock.d" -o "drivers/fsl_clock.o" "../drivers/fsl_clock.c"
../source/SmartStripv2.c: In function 'main':
../source/SmartStripv2.c:75:21: warning: passing argument 2 of 'FTM_SetupPwm' from incompatible pointer type [-Wincompatible-pointer-types]
  FTM_SetupPwm(FTM0, &ftmParams, 6U, kFTM_EdgeAlignedPwm, 2400U,
                     ^
In file included from ../source/SmartStripv2.c:8:0:
../drivers/fsl_ftm.h:441:10: note: expected 'const ftm_chnl_pwm_signal_param_t * {aka const struct _ftm_chnl_pwm_signal_param *}' but argument is of type 'ftm_chnl_pwm_signal_param_t (*)[6] {aka struct _ftm_chnl_pwm_signal_param (*)[6]}'
 status_t FTM_SetupPwm(FTM_Type *base,
          ^~~~~~~~~~~~
../source/SmartStripv2.c:77:21: warning: passing argument 2 of 'FTM_SetupPwm' from incompatible pointer type [-Wincompatible-pointer-types]
  FTM_SetupPwm(FTM1, &ftmParams, 2U, kFTM_EdgeAlignedPwm, 2400U,
                     ^
In file included from ../source/SmartStripv2.c:8:0:
../drivers/fsl_ftm.h:441:10: note: expected 'const ftm_chnl_pwm_signal_param_t * {aka const struct _ftm_chnl_pwm_signal_param *}' but argument is of type 'ftm_chnl_pwm_signal_param_t (*)[6] {aka struct _ftm_chnl_pwm_signal_param (*)[6]}'
 status_t FTM_SetupPwm(FTM_Type *base,
          ^~~~~~~~~~~~
../source/SmartStripv2.c:79:21: warning: passing argument 2 of 'FTM_SetupPwm' from incompatible pointer type [-Wincompatible-pointer-types]
  FTM_SetupPwm(FTM2, &ftmParams, 2U, kFTM_EdgeAlignedPwm, 2400U,
                     ^
In file included from ../source/SmartStripv2.c:8:0:
../drivers/fsl_ftm.h:441:10: note: expected 'const ftm_chnl_pwm_signal_param_t * {aka const struct _ftm_chnl_pwm_signal_param *}' but argument is of type 'ftm_chnl_pwm_signal_param_t (*)[6] {aka struct _ftm_chnl_pwm_signal_param (*)[6]}'
 status_t FTM_SetupPwm(FTM_Type *base,
          ^~~~~~~~~~~~
../source/SmartStripv2.c:81:21: warning: passing argument 2 of 'FTM_SetupPwm' from incompatible pointer type [-Wincompatible-pointer-types]
  FTM_SetupPwm(FTM4, &ftmParams, 2U, kFTM_EdgeAlignedPwm, 2400U,
                     ^
In file included from ../source/SmartStripv2.c:8:0:
../drivers/fsl_ftm.h:441:10: note: expected 'const ftm_chnl_pwm_signal_param_t * {aka const struct _ftm_chnl_pwm_signal_param *}' but argument is of type 'ftm_chnl_pwm_signal_param_t (*)[6] {aka struct _ftm_chnl_pwm_signal_param (*)[6]}'
 status_t FTM_SetupPwm(FTM_Type *base,
          ^~~~~~~~~~~~
Finished building: ../startup/startup_mkv11z7.c
Finished building: ../drivers/fsl_common.c
Finished building: ../source/SmartStripv2.c
Finished building: ../drivers/fsl_clock.c
 
 
 
 
Building file: ../drivers/fsl_ftm.c
Building file: ../drivers/fsl_gpio.c
Building file: ../board/board.c
Invoking: MCU C Compiler
arm-none-eabi-gcc -D__REDLIB__ -DSDK_OS_BAREMETAL -DFSL_RTOS_BM -DSDK_DEBUGCONSOLE=0 -DCR_INTEGER_PRINTF -DPRINTF_FLOAT_ENABLE=0 -DCPU_MKV11Z64VFM7 -DCPU_MKV11Z64VFM7_cm0plus -D__MCUXPRESSO -D__USE_CMSIS -DDEBUG -I../board -I../source -I../ -I../drivers -I../CMSIS -I../startup -O0 -fno-common -g3 -Wall -c -ffunction-sections -fdata-sections -ffreestanding -fno-builtin -mcpu=cortex-m0plus -mthumb -D__REDLIB__ -specs=redlib.specs -MMD -MP -MF"drivers/fsl_ftm.d" -MT"drivers/fsl_ftm.o" -MT"drivers/fsl_ftm.d" -o "drivers/fsl_ftm.o" "../drivers/fsl_ftm.c"
Invoking: MCU C Compiler
Building file: ../drivers/fsl_uart.c
arm-none-eabi-gcc -D__REDLIB__ -DSDK_OS_BAREMETAL -DFSL_RTOS_BM -DSDK_DEBUGCONSOLE=0 -DCR_INTEGER_PRINTF -DPRINTF_FLOAT_ENABLE=0 -DCPU_MKV11Z64VFM7 -DCPU_MKV11Z64VFM7_cm0plus -D__MCUXPRESSO -D__USE_CMSIS -DDEBUG -I../board -I../source -I../ -I../drivers -I../CMSIS -I../startup -O0 -fno-common -g3 -Wall -c -ffunction-sections -fdata-sections -ffreestanding -fno-builtin -mcpu=cortex-m0plus -mthumb -D__REDLIB__ -specs=redlib.specs -MMD -MP -MF"drivers/fsl_gpio.d" -MT"drivers/fsl_gpio.o" -MT"drivers/fsl_gpio.d" -o "drivers/fsl_gpio.o" "../drivers/fsl_gpio.c"
Invoking: MCU C Compiler
arm-none-eabi-gcc -D__REDLIB__ -DSDK_OS_BAREMETAL -DFSL_RTOS_BM -DSDK_DEBUGCONSOLE=0 -DCR_INTEGER_PRINTF -DPRINTF_FLOAT_ENABLE=0 -DCPU_MKV11Z64VFM7 -DCPU_MKV11Z64VFM7_cm0plus -D__MCUXPRESSO -D__USE_CMSIS -DDEBUG -I../board -I../source -I../ -I../drivers -I../CMSIS -I../startup -O0 -fno-common -g3 -Wall -c -ffunction-sections -fdata-sections -ffreestanding -fno-builtin -mcpu=cortex-m0plus -mthumb -D__REDLIB__ -specs=redlib.specs -MMD -MP -MF"board/board.d" -MT"board/board.o" -MT"board/board.d" -o "board/board.o" "../board/board.c"
Invoking: MCU C Compiler
arm-none-eabi-gcc -D__REDLIB__ -DSDK_OS_BAREMETAL -DFSL_RTOS_BM -DSDK_DEBUGCONSOLE=0 -DCR_INTEGER_PRINTF -DPRINTF_FLOAT_ENABLE=0 -DCPU_MKV11Z64VFM7 -DCPU_MKV11Z64VFM7_cm0plus -D__MCUXPRESSO -D__USE_CMSIS -DDEBUG -I../board -I../source -I../ -I../drivers -I../CMSIS -I../startup -O0 -fno-common -g3 -Wall -c -ffunction-sections -fdata-sections -ffreestanding -fno-builtin -mcpu=cortex-m0plus -mthumb -D__REDLIB__ -specs=redlib.specs -MMD -MP -MF"drivers/fsl_uart.d" -MT"drivers/fsl_uart.o" -MT"drivers/fsl_uart.d" -o "drivers/fsl_uart.o" "../drivers/fsl_uart.c"
../board/board.c:38:10: fatal error: fsl_debug_console.h: No such file or directory
 #include "fsl_debug_console.h"
          ^~~~~~~~~~~~~~~~~~~~~
compilation terminated.
make: *** [board/board.o] Error 1
make: *** Waiting for unfinished jobs....
Finished building: ../drivers/fsl_ftm.c
Finished building: ../drivers/fsl_gpio.c
 
 
Finished building: ../drivers/fsl_uart.c
 
14:28:52 **** Clean-only build of configuration Debug for project SmartStripv2 ****
make -r -j4 clean 
rm -rf  ./startup/startup_mkv11z7.o  ./source/SmartStripv2.o  ./drivers/fsl_clock.o ./drivers/fsl_common.o ./drivers/fsl_ftm.o ./drivers/fsl_gpio.o ./drivers/fsl_uart.o  ./board/board.o ./board/clock_config.o ./board/peripherals.o ./board/pin_mux.o  ./CMSIS/system_MKV11Z7.o  ./startup/startup_mkv11z7.d  ./source/SmartStripv2.d  ./drivers/fsl_clock.d ./drivers/fsl_common.d ./drivers/fsl_ftm.d ./drivers/fsl_gpio.d ./drivers/fsl_uart.d  ./board/board.d ./board/clock_config.d ./board/peripherals.d ./board/pin_mux.d  ./CMSIS/system_MKV11Z7.d  SmartStripv2.axf
 
14:28:58 **** Build of configuration Debug for project SmartStripv2 ****
make -r -j4 all 
Building file: ../startup/startup_mkv11z7.c
Building file: ../source/SmartStripv2.c
Building file: ../drivers/fsl_clock.c
Building file: ../drivers/fsl_common.c
Invoking: MCU C Compiler
arm-none-eabi-gcc -D__REDLIB__ -DSDK_OS_BAREMETAL -DFSL_RTOS_BM -DSDK_DEBUGCONSOLE=0 -DCR_INTEGER_PRINTF -DPRINTF_FLOAT_ENABLE=0 -DCPU_MKV11Z64VFM7 -DCPU_MKV11Z64VFM7_cm0plus -D__MCUXPRESSO -D__USE_CMSIS -DDEBUG -I../board -I../source -I../ -I../drivers -I../CMSIS -I../startup -O0 -fno-common -g3 -Wall -c -ffunction-sections -fdata-sections -ffreestanding -fno-builtin -mcpu=cortex-m0plus -mthumb -D__REDLIB__ -specs=redlib.specs -MMD -MP -MF"startup/startup_mkv11z7.d" -MT"startup/startup_mkv11z7.o" -MT"startup/startup_mkv11z7.d" -o "startup/startup_mkv11z7.o" "../startup/startup_mkv11z7.c"
Invoking: MCU C Compiler
Invoking: MCU C Compiler
arm-none-eabi-gcc -D__REDLIB__ -DSDK_OS_BAREMETAL -DFSL_RTOS_BM -DSDK_DEBUGCONSOLE=0 -DCR_INTEGER_PRINTF -DPRINTF_FLOAT_ENABLE=0 -DCPU_MKV11Z64VFM7 -DCPU_MKV11Z64VFM7_cm0plus -D__MCUXPRESSO -D__USE_CMSIS -DDEBUG -I../board -I../source -I../ -I../drivers -I../CMSIS -I../startup -O0 -fno-common -g3 -Wall -c -ffunction-sections -fdata-sections -ffreestanding -fno-builtin -mcpu=cortex-m0plus -mthumb -D__REDLIB__ -specs=redlib.specs -MMD -MP -MF"drivers/fsl_common.d" -MT"drivers/fsl_common.o" -MT"drivers/fsl_common.d" -o "drivers/fsl_common.o" "../drivers/fsl_common.c"
arm-none-eabi-gcc -D__REDLIB__ -DSDK_OS_BAREMETAL -DFSL_RTOS_BM -DSDK_DEBUGCONSOLE=0 -DCR_INTEGER_PRINTF -DPRINTF_FLOAT_ENABLE=0 -DCPU_MKV11Z64VFM7 -DCPU_MKV11Z64VFM7_cm0plus -D__MCUXPRESSO -D__USE_CMSIS -DDEBUG -I../board -I../source -I../ -I../drivers -I../CMSIS -I../startup -O0 -fno-common -g3 -Wall -c -ffunction-sections -fdata-sections -ffreestanding -fno-builtin -mcpu=cortex-m0plus -mthumb -D__REDLIB__ -specs=redlib.specs -MMD -MP -MF"drivers/fsl_clock.d" -MT"drivers/fsl_clock.o" -MT"drivers/fsl_clock.d" -o "drivers/fsl_clock.o" "../drivers/fsl_clock.c"
Invoking: MCU C Compiler
arm-none-eabi-gcc -D__REDLIB__ -DSDK_OS_BAREMETAL -DFSL_RTOS_BM -DSDK_DEBUGCONSOLE=0 -DCR_INTEGER_PRINTF -DPRINTF_FLOAT_ENABLE=0 -DCPU_MKV11Z64VFM7 -DCPU_MKV11Z64VFM7_cm0plus -D__MCUXPRESSO -D__USE_CMSIS -DDEBUG -I../board -I../source -I../ -I../drivers -I../CMSIS -I../startup -O0 -fno-common -g3 -Wall -c -ffunction-sections -fdata-sections -ffreestanding -fno-builtin -mcpu=cortex-m0plus -mthumb -D__REDLIB__ -specs=redlib.specs -MMD -MP -MF"source/SmartStripv2.d" -MT"source/SmartStripv2.o" -MT"source/SmartStripv2.d" -o "source/SmartStripv2.o" "../source/SmartStripv2.c"
../source/SmartStripv2.c: In function 'main':
../source/SmartStripv2.c:75:21: warning: passing argument 2 of 'FTM_SetupPwm' from incompatible pointer type [-Wincompatible-pointer-types]
  FTM_SetupPwm(FTM0, &ftmParams, 6U, kFTM_EdgeAlignedPwm, 2400U,
                     ^
In file included from ../source/SmartStripv2.c:8:0:
../drivers/fsl_ftm.h:441:10: note: expected 'const ftm_chnl_pwm_signal_param_t * {aka const struct _ftm_chnl_pwm_signal_param *}' but argument is of type 'ftm_chnl_pwm_signal_param_t (*)[6] {aka struct _ftm_chnl_pwm_signal_param (*)[6]}'
 status_t FTM_SetupPwm(FTM_Type *base,
          ^~~~~~~~~~~~
../source/SmartStripv2.c:77:21: warning: passing argument 2 of 'FTM_SetupPwm' from incompatible pointer type [-Wincompatible-pointer-types]
  FTM_SetupPwm(FTM1, &ftmParams, 2U, kFTM_EdgeAlignedPwm, 2400U,
                     ^
In file included from ../source/SmartStripv2.c:8:0:
../drivers/fsl_ftm.h:441:10: note: expected 'const ftm_chnl_pwm_signal_param_t * {aka const struct _ftm_chnl_pwm_signal_param *}' but argument is of type 'ftm_chnl_pwm_signal_param_t (*)[6] {aka struct _ftm_chnl_pwm_signal_param (*)[6]}'
 status_t FTM_SetupPwm(FTM_Type *base,
          ^~~~~~~~~~~~
../source/SmartStripv2.c:79:21: warning: passing argument 2 of 'FTM_SetupPwm' from incompatible pointer type [-Wincompatible-pointer-types]
  FTM_SetupPwm(FTM2, &ftmParams, 2U, kFTM_EdgeAlignedPwm, 2400U,
                     ^
In file included from ../source/SmartStripv2.c:8:0:
../drivers/fsl_ftm.h:441:10: note: expected 'const ftm_chnl_pwm_signal_param_t * {aka const struct _ftm_chnl_pwm_signal_param *}' but argument is of type 'ftm_chnl_pwm_signal_param_t (*)[6] {aka struct _ftm_chnl_pwm_signal_param (*)[6]}'
 status_t FTM_SetupPwm(FTM_Type *base,
          ^~~~~~~~~~~~
../source/SmartStripv2.c:81:21: warning: passing argument 2 of 'FTM_SetupPwm' from incompatible pointer type [-Wincompatible-pointer-types]
  FTM_SetupPwm(FTM4, &ftmParams, 2U, kFTM_EdgeAlignedPwm, 2400U,
                     ^
In file included from ../source/SmartStripv2.c:8:0:
../drivers/fsl_ftm.h:441:10: note: expected 'const ftm_chnl_pwm_signal_param_t * {aka const struct _ftm_chnl_pwm_signal_param *}' but argument is of type 'ftm_chnl_pwm_signal_param_t (*)[6] {aka struct _ftm_chnl_pwm_signal_param (*)[6]}'
 status_t FTM_SetupPwm(FTM_Type *base,
          ^~~~~~~~~~~~
Finished building: ../startup/startup_mkv11z7.c
Finished building: ../drivers/fsl_common.c
 
 
Finished building: ../drivers/fsl_clock.c
Building file: ../drivers/fsl_ftm.c
Finished building: ../source/SmartStripv2.c
 
Building file: ../drivers/fsl_gpio.c
Invoking: MCU C Compiler
 
arm-none-eabi-gcc -D__REDLIB__ -DSDK_OS_BAREMETAL -DFSL_RTOS_BM -DSDK_DEBUGCONSOLE=0 -DCR_INTEGER_PRINTF -DPRINTF_FLOAT_ENABLE=0 -DCPU_MKV11Z64VFM7 -DCPU_MKV11Z64VFM7_cm0plus -D__MCUXPRESSO -D__USE_CMSIS -DDEBUG -I../board -I../source -I../ -I../drivers -I../CMSIS -I../startup -O0 -fno-common -g3 -Wall -c -ffunction-sections -fdata-sections -ffreestanding -fno-builtin -mcpu=cortex-m0plus -mthumb -D__REDLIB__ -specs=redlib.specs -MMD -MP -MF"drivers/fsl_ftm.d" -MT"drivers/fsl_ftm.o" -MT"drivers/fsl_ftm.d" -o "drivers/fsl_ftm.o" "../drivers/fsl_ftm.c"
Invoking: MCU C Compiler
Building file: ../drivers/fsl_uart.c
arm-none-eabi-gcc -D__REDLIB__ -DSDK_OS_BAREMETAL -DFSL_RTOS_BM -DSDK_DEBUGCONSOLE=0 -DCR_INTEGER_PRINTF -DPRINTF_FLOAT_ENABLE=0 -DCPU_MKV11Z64VFM7 -DCPU_MKV11Z64VFM7_cm0plus -D__MCUXPRESSO -D__USE_CMSIS -DDEBUG -I../board -I../source -I../ -I../drivers -I../CMSIS -I../startup -O0 -fno-common -g3 -Wall -c -ffunction-sections -fdata-sections -ffreestanding -fno-builtin -mcpu=cortex-m0plus -mthumb -D__REDLIB__ -specs=redlib.specs -MMD -MP -MF"drivers/fsl_gpio.d" -MT"drivers/fsl_gpio.o" -MT"drivers/fsl_gpio.d" -o "drivers/fsl_gpio.o" "../drivers/fsl_gpio.c"
Building file: ../board/board.c
Invoking: MCU C Compiler
Invoking: MCU C Compiler
arm-none-eabi-gcc -D__REDLIB__ -DSDK_OS_BAREMETAL -DFSL_RTOS_BM -DSDK_DEBUGCONSOLE=0 -DCR_INTEGER_PRINTF -DPRINTF_FLOAT_ENABLE=0 -DCPU_MKV11Z64VFM7 -DCPU_MKV11Z64VFM7_cm0plus -D__MCUXPRESSO -D__USE_CMSIS -DDEBUG -I../board -I../source -I../ -I../drivers -I../CMSIS -I../startup -O0 -fno-common -g3 -Wall -c -ffunction-sections -fdata-sections -ffreestanding -fno-builtin -mcpu=cortex-m0plus -mthumb -D__REDLIB__ -specs=redlib.specs -MMD -MP -MF"drivers/fsl_uart.d" -MT"drivers/fsl_uart.o" -MT"drivers/fsl_uart.d" -o "drivers/fsl_uart.o" "../drivers/fsl_uart.c"
arm-none-eabi-gcc -D__REDLIB__ -DSDK_OS_BAREMETAL -DFSL_RTOS_BM -DSDK_DEBUGCONSOLE=0 -DCR_INTEGER_PRINTF -DPRINTF_FLOAT_ENABLE=0 -DCPU_MKV11Z64VFM7 -DCPU_MKV11Z64VFM7_cm0plus -D__MCUXPRESSO -D__USE_CMSIS -DDEBUG -I../board -I../source -I../ -I../drivers -I../CMSIS -I../startup -O0 -fno-common -g3 -Wall -c -ffunction-sections -fdata-sections -ffreestanding -fno-builtin -mcpu=cortex-m0plus -mthumb -D__REDLIB__ -specs=redlib.specs -MMD -MP -MF"board/board.d" -MT"board/board.o" -MT"board/board.d" -o "board/board.o" "../board/board.c"
../board/board.c:38:10: fatal error: fsl_debug_console.h: No such file or directory
 #include "fsl_debug_console.h"
          ^~~~~~~~~~~~~~~~~~~~~
compilation terminated.
make: *** [board/board.o] Error 1
make: *** Waiting for unfinished jobs....
Finished building: ../drivers/fsl_gpio.c
Finished building: ../drivers/fsl_ftm.c
 
 
Finished building: ../drivers/fsl_uart.c
 
14:30:14 **** Incremental Build of configuration Debug for project SmartHigh ****
make -r -j4 all 
make: Nothing to be done for `all'.
14:30:19 **** Incremental Build of configuration Debug for project SmartStripv2 ****
make -r -j4 all 
Building file: ../board/board.c
Building file: ../board/clock_config.c
Building file: ../board/peripherals.c
Building file: ../board/pin_mux.c
Invoking: MCU C Compiler
Invoking: MCU C Compiler
arm-none-eabi-gcc -D__REDLIB__ -DSDK_OS_BAREMETAL -DFSL_RTOS_BM -DSDK_DEBUGCONSOLE=0 -DCR_INTEGER_PRINTF -DPRINTF_FLOAT_ENABLE=0 -DCPU_MKV11Z64VFM7 -DCPU_MKV11Z64VFM7_cm0plus -D__MCUXPRESSO -D__USE_CMSIS -DDEBUG -I../board -I../source -I../ -I../drivers -I../CMSIS -I../startup -O0 -fno-common -g3 -Wall -c -ffunction-sections -fdata-sections -ffreestanding -fno-builtin -mcpu=cortex-m0plus -mthumb -D__REDLIB__ -specs=redlib.specs -MMD -MP -MF"board/board.d" -MT"board/board.o" -MT"board/board.d" -o "board/board.o" "../board/board.c"
arm-none-eabi-gcc -D__REDLIB__ -DSDK_OS_BAREMETAL -DFSL_RTOS_BM -DSDK_DEBUGCONSOLE=0 -DCR_INTEGER_PRINTF -DPRINTF_FLOAT_ENABLE=0 -DCPU_MKV11Z64VFM7 -DCPU_MKV11Z64VFM7_cm0plus -D__MCUXPRESSO -D__USE_CMSIS -DDEBUG -I../board -I../source -I../ -I../drivers -I../CMSIS -I../startup -O0 -fno-common -g3 -Wall -c -ffunction-sections -fdata-sections -ffreestanding -fno-builtin -mcpu=cortex-m0plus -mthumb -D__REDLIB__ -specs=redlib.specs -MMD -MP -MF"board/clock_config.d" -MT"board/clock_config.o" -MT"board/clock_config.d" -o "board/clock_config.o" "../board/clock_config.c"
Invoking: MCU C Compiler
Invoking: MCU C Compiler
arm-none-eabi-gcc -D__REDLIB__ -DSDK_OS_BAREMETAL -DFSL_RTOS_BM -DSDK_DEBUGCONSOLE=0 -DCR_INTEGER_PRINTF -DPRINTF_FLOAT_ENABLE=0 -DCPU_MKV11Z64VFM7 -DCPU_MKV11Z64VFM7_cm0plus -D__MCUXPRESSO -D__USE_CMSIS -DDEBUG -I../board -I../source -I../ -I../drivers -I../CMSIS -I../startup -O0 -fno-common -g3 -Wall -c -ffunction-sections -fdata-sections -ffreestanding -fno-builtin -mcpu=cortex-m0plus -mthumb -D__REDLIB__ -specs=redlib.specs -MMD -MP -MF"board/pin_mux.d" -MT"board/pin_mux.o" -MT"board/pin_mux.d" -o "board/pin_mux.o" "../board/pin_mux.c"
arm-none-eabi-gcc -D__REDLIB__ -DSDK_OS_BAREMETAL -DFSL_RTOS_BM -DSDK_DEBUGCONSOLE=0 -DCR_INTEGER_PRINTF -DPRINTF_FLOAT_ENABLE=0 -DCPU_MKV11Z64VFM7 -DCPU_MKV11Z64VFM7_cm0plus -D__MCUXPRESSO -D__USE_CMSIS -DDEBUG -I../board -I../source -I../ -I../drivers -I../CMSIS -I../startup -O0 -fno-common -g3 -Wall -c -ffunction-sections -fdata-sections -ffreestanding -fno-builtin -mcpu=cortex-m0plus -mthumb -D__REDLIB__ -specs=redlib.specs -MMD -MP -MF"board/peripherals.d" -MT"board/peripherals.o" -MT"board/peripherals.d" -o "board/peripherals.o" "../board/peripherals.c"
../board/board.c: In function 'BOARD_InitDebugConsole':
../board/board.c:50:5: warning: implicit declaration of function 'DbgConsole_Init' [-Wimplicit-function-declaration]
     DbgConsole_Init(BOARD_DEBUG_UART_BASEADDR, BOARD_DEBUG_UART_BAUDRATE, BOARD_DEBUG_UART_TYPE, uartClkSrcFreq);
     ^~~~~~~~~~~~~~~
Finished building: ../board/peripherals.c
Finished building: ../board/board.c
Finished building: ../board/clock_config.c
 
 
Building file: ../CMSIS/system_MKV11Z7.c
Finished building: ../board/pin_mux.c
 
Invoking: MCU C Compiler
 
arm-none-eabi-gcc -D__REDLIB__ -DSDK_OS_BAREMETAL -DFSL_RTOS_BM -DSDK_DEBUGCONSOLE=0 -DCR_INTEGER_PRINTF -DPRINTF_FLOAT_ENABLE=0 -DCPU_MKV11Z64VFM7 -DCPU_MKV11Z64VFM7_cm0plus -D__MCUXPRESSO -D__USE_CMSIS -DDEBUG -I../board -I../source -I../ -I../drivers -I../CMSIS -I../startup -O0 -fno-common -g3 -Wall -c -ffunction-sections -fdata-sections -ffreestanding -fno-builtin -mcpu=cortex-m0plus -mthumb -D__REDLIB__ -specs=redlib.specs -MMD -MP -MF"CMSIS/system_MKV11Z7.d" -MT"CMSIS/system_MKV11Z7.o" -MT"CMSIS/system_MKV11Z7.d" -o "CMSIS/system_MKV11Z7.o" "../CMSIS/system_MKV11Z7.c"
Finished building: ../CMSIS/system_MKV11Z7.c
 
Building target: SmartStripv2.axf
Invoking: MCU Linker
arm-none-eabi-gcc -nostdlib -Xlinker -Map="SmartStripv2.map" -Xlinker --gc-sections -Xlinker -print-memory-usage -mcpu=cortex-m0plus -mthumb -T SmartStripv2_Debug.ld -o "SmartStripv2.axf"  ./startup/startup_mkv11z7.o  ./source/SmartStripv2.o  ./drivers/fsl_clock.o ./drivers/fsl_common.o ./drivers/fsl_ftm.o ./drivers/fsl_gpio.o ./drivers/fsl_uart.o  ./board/board.o ./board/clock_config.o ./board/peripherals.o ./board/pin_mux.o  ./CMSIS/system_MKV11Z7.o   
Memory region         Used Size  Region Size  %age Used
./board/board.o: In function `BOARD_InitDebugConsole':
   PROGRAM_FLASH:       13036 B        64 KB     19.89%
C:\Users\Ward\Dropbox\Work\Revolution\RPDG_Hardware\SRC\SmartStripv2\Debug/../board/board.c:50: undefined reference to `DbgConsole_Init'
collect2.exe: error: ld returned 1 exit status
            SRAM:        2332 B        16 KB     14.23%
make: *** [SmartStripv2.axf] Error 1
14:31:25 **** Incremental Build of configuration Debug for project SmartHigh ****
make -r -j4 all 
make: Nothing to be done for `all'.
14:31:37 **** Incremental Build of configuration Debug for project SmartStripv2 ****
make -r -j4 all 
Building file: ../board/board.c
Invoking: MCU C Compiler
arm-none-eabi-gcc -D__REDLIB__ -DSDK_OS_BAREMETAL -DFSL_RTOS_BM -DSDK_DEBUGCONSOLE=0 -DCR_INTEGER_PRINTF -DPRINTF_FLOAT_ENABLE=0 -DCPU_MKV11Z64VFM7 -DCPU_MKV11Z64VFM7_cm0plus -D__MCUXPRESSO -D__USE_CMSIS -DDEBUG -I../board -I../source -I../ -I../drivers -I../CMSIS -I../startup -O0 -fno-common -g3 -Wall -c -ffunction-sections -fdata-sections -ffreestanding -fno-builtin -mcpu=cortex-m0plus -mthumb -D__REDLIB__ -specs=redlib.specs -MMD -MP -MF"board/board.d" -MT"board/board.o" -MT"board/board.d" -o "board/board.o" "../board/board.c"
../board/board.c: In function 'BOARD_InitDebugConsole':
../board/board.c:48:14: warning: unused variable 'uartClkSrcFreq' [-Wunused-variable]
     uint32_t uartClkSrcFreq = BOARD_DEBUG_UART_CLK_FREQ;
              ^~~~~~~~~~~~~~
Finished building: ../board/board.c
 
Building target: SmartStripv2.axf
Invoking: MCU Linker
arm-none-eabi-gcc -nostdlib -Xlinker -Map="SmartStripv2.map" -Xlinker --gc-sections -Xlinker -print-memory-usage -mcpu=cortex-m0plus -mthumb -T SmartStripv2_Debug.ld -o "SmartStripv2.axf"  ./startup/startup_mkv11z7.o  ./source/SmartStripv2.o  ./drivers/fsl_clock.o ./drivers/fsl_common.o ./drivers/fsl_ftm.o ./drivers/fsl_gpio.o ./drivers/fsl_uart.o  ./board/board.o ./board/clock_config.o ./board/peripherals.o ./board/pin_mux.o  ./CMSIS/system_MKV11Z7.o   
Memory region         Used Size  Region Size  %age Used
   PROGRAM_FLASH:       13016 B        64 KB     19.86%
            SRAM:        2332 B        16 KB     14.23%
Finished building target: SmartStripv2.axf
 
make --no-print-directory post-build
Performing post-build steps
arm-none-eabi-size "SmartStripv2.axf"; # arm-none-eabi-objcopy -v -O binary "SmartStripv2.axf" "SmartStripv2.bin" ; # checksum -p MKV11Z64xxx7 -d "SmartStripv2.bin";
   text	   data	    bss	    dec	    hex	filename
  12944	     72	   2260	  15276	   3bac	SmartStripv2.axf
 
14:32:11 **** Incremental Build of configuration Debug for project SmartStripv2 ****
make -r -j4 all 
make: Nothing to be done for `all'.
14:34:27 **** Incremental Build of configuration Debug for project SmartStripv2 ****
make -r -j4 all 
make: Nothing to be done for `all'.
15:03:12 **** Incremental Build of configuration Debug for project SmartHigh ****
make -r -j4 all 
Building target: SmartHigh.axf
Invoking: MCU Linker
arm-none-eabi-gcc -nostdlib -Xlinker -Map="SmartHigh.map" -Xlinker --gc-sections -Xlinker -print-memory-usage -mcpu=cortex-m0plus -mthumb -T SmartHigh_Debug.ld -o "SmartHigh.axf"  ./startup/startup_mkv11z7.o  ./source/SmartHigh.o ./source/mtb.o ./source/semihost_hardfault.o  ./drivers/fsl_clock.o ./drivers/fsl_common.o ./drivers/fsl_ftm.o ./drivers/fsl_gpio.o ./drivers/fsl_uart.o  ./board/board.o ./board/clock_config.o ./board/peripherals.o ./board/pin_mux.o  ./CMSIS/system_MKV11Z7.o   
Memory region         Used Size  Region Size  %age Used
   PROGRAM_FLASH:       15344 B        64 KB     23.41%
            SRAM:        2460 B        16 KB     15.01%
Finished building target: SmartHigh.axf
 
make --no-print-directory post-build
Performing post-build steps
arm-none-eabi-size "SmartHigh.axf"; # arm-none-eabi-objcopy -v -O binary "SmartHigh.axf" "SmartHigh.bin" ; # checksum -p MKV11Z64xxx7 -d "SmartHigh.bin";
   text	   data	    bss	    dec	    hex	filename
  15272	     72	   2388	  17732	   4544	SmartHigh.axf
 
15:03:15 **** Incremental Build of configuration Debug for project SmartStripv2 ****
make -r -j4 all 
Building file: ../source/SmartStripv2.c
Invoking: MCU C Compiler
arm-none-eabi-gcc -D__REDLIB__ -DSDK_OS_BAREMETAL -DFSL_RTOS_BM -DSDK_DEBUGCONSOLE=0 -DCR_INTEGER_PRINTF -DPRINTF_FLOAT_ENABLE=0 -DCPU_MKV11Z64VFM7 -DCPU_MKV11Z64VFM7_cm0plus -D__MCUXPRESSO -D__USE_CMSIS -DDEBUG -I../board -I../source -I../ -I../drivers -I../CMSIS -I../startup -O0 -fno-common -g3 -Wall -c -ffunction-sections -fdata-sections -ffreestanding -fno-builtin -mcpu=cortex-m0plus -mthumb -D__REDLIB__ -specs=redlib.specs -MMD -MP -MF"source/SmartStripv2.d" -MT"source/SmartStripv2.o" -MT"source/SmartStripv2.d" -o "source/SmartStripv2.o" "../source/SmartStripv2.c"
../source/SmartStripv2.c: In function 'main':
../source/SmartStripv2.c:75:21: warning: passing argument 2 of 'FTM_SetupPwm' from incompatible pointer type [-Wincompatible-pointer-types]
  FTM_SetupPwm(FTM0, &ftmParams, 6U, kFTM_EdgeAlignedPwm, 2400U,
                     ^
In file included from ../source/SmartStripv2.c:8:0:
../drivers/fsl_ftm.h:441:10: note: expected 'const ftm_chnl_pwm_signal_param_t * {aka const struct _ftm_chnl_pwm_signal_param *}' but argument is of type 'ftm_chnl_pwm_signal_param_t (*)[6] {aka struct _ftm_chnl_pwm_signal_param (*)[6]}'
 status_t FTM_SetupPwm(FTM_Type *base,
          ^~~~~~~~~~~~
../source/SmartStripv2.c:77:21: warning: passing argument 2 of 'FTM_SetupPwm' from incompatible pointer type [-Wincompatible-pointer-types]
  FTM_SetupPwm(FTM1, &ftmParams, 2U, kFTM_EdgeAlignedPwm, 2400U,
                     ^
In file included from ../source/SmartStripv2.c:8:0:
../drivers/fsl_ftm.h:441:10: note: expected 'const ftm_chnl_pwm_signal_param_t * {aka const struct _ftm_chnl_pwm_signal_param *}' but argument is of type 'ftm_chnl_pwm_signal_param_t (*)[6] {aka struct _ftm_chnl_pwm_signal_param (*)[6]}'
 status_t FTM_SetupPwm(FTM_Type *base,
          ^~~~~~~~~~~~
../source/SmartStripv2.c:79:21: warning: passing argument 2 of 'FTM_SetupPwm' from incompatible pointer type [-Wincompatible-pointer-types]
  FTM_SetupPwm(FTM2, &ftmParams, 2U, kFTM_EdgeAlignedPwm, 2400U,
                     ^
In file included from ../source/SmartStripv2.c:8:0:
../drivers/fsl_ftm.h:441:10: note: expected 'const ftm_chnl_pwm_signal_param_t * {aka const struct _ftm_chnl_pwm_signal_param *}' but argument is of type 'ftm_chnl_pwm_signal_param_t (*)[6] {aka struct _ftm_chnl_pwm_signal_param (*)[6]}'
 status_t FTM_SetupPwm(FTM_Type *base,
          ^~~~~~~~~~~~
../source/SmartStripv2.c:81:21: warning: passing argument 2 of 'FTM_SetupPwm' from incompatible pointer type [-Wincompatible-pointer-types]
  FTM_SetupPwm(FTM4, &ftmParams, 2U, kFTM_EdgeAlignedPwm, 2400U,
                     ^
In file included from ../source/SmartStripv2.c:8:0:
../drivers/fsl_ftm.h:441:10: note: expected 'const ftm_chnl_pwm_signal_param_t * {aka const struct _ftm_chnl_pwm_signal_param *}' but argument is of type 'ftm_chnl_pwm_signal_param_t (*)[6] {aka struct _ftm_chnl_pwm_signal_param (*)[6]}'
 status_t FTM_SetupPwm(FTM_Type *base,
          ^~~~~~~~~~~~
Finished building: ../source/SmartStripv2.c
 
Building target: SmartStripv2.axf
Invoking: MCU Linker
arm-none-eabi-gcc -nostdlib -Xlinker -Map="SmartStripv2.map" -Xlinker --gc-sections -Xlinker -print-memory-usage -mcpu=cortex-m0plus -mthumb -T SmartStripv2_Debug.ld -o "SmartStripv2.axf"  ./startup/startup_mkv11z7.o  ./source/SmartStripv2.o  ./drivers/fsl_clock.o ./drivers/fsl_common.o ./drivers/fsl_ftm.o ./drivers/fsl_gpio.o ./drivers/fsl_uart.o  ./board/board.o ./board/clock_config.o ./board/peripherals.o ./board/pin_mux.o  ./CMSIS/system_MKV11Z7.o   
Memory region         Used Size  Region Size  %age Used
   PROGRAM_FLASH:       13016 B        64 KB     19.86%
            SRAM:        2332 B        16 KB     14.23%
Finished building target: SmartStripv2.axf
 
make --no-print-directory post-build
Performing post-build steps
arm-none-eabi-size "SmartStripv2.axf"; # arm-none-eabi-objcopy -v -O binary "SmartStripv2.axf" "SmartStripv2.bin" ; # checksum -p MKV11Z64xxx7 -d "SmartStripv2.bin";
   text	   data	    bss	    dec	    hex	filename
  12944	     72	   2260	  15276	   3bac	SmartStripv2.axf
 
