
**** Build of configuration Debug for project SmartStrip ****

Nothing to build for project SmartStrip
17:39:27 **** Incremental Build of configuration Debug for project SmartHigh ****
make -r -j4 all 
make: Nothing to be done for `all'.
18:06:17 **** Incremental Build of configuration Debug for project SmartHigh ****
make -r -j4 all 
Building file: ../source/SmartHigh.c
Invoking: MCU C Compiler
arm-none-eabi-gcc -D__REDLIB__ -DSDK_OS_BAREMETAL -DFSL_RTOS_BM -DSDK_DEBUGCONSOLE=0 -DCR_INTEGER_PRINTF -DPRINTF_FLOAT_ENABLE=0 -DCPU_MKV11Z64VFM7 -DCPU_MKV11Z64VFM7_cm0plus -D__MCUXPRESSO -D__USE_CMSIS -DDEBUG -I../board -I../source -I../ -I../drivers -I../CMSIS -I../startup -O0 -fno-common -g3 -Wall -c -ffunction-sections -fdata-sections -ffreestanding -fno-builtin -mcpu=cortex-m0plus -mthumb -D__REDLIB__ -specs=redlib.specs -MMD -MP -MF"source/SmartHigh.d" -MT"source/SmartHigh.o" -MT"source/SmartHigh.d" -o "source/SmartHigh.o" "../source/SmartHigh.c"
../source/SmartHigh.c: In function 'main':
../source/SmartHigh.c:101:21: warning: passing argument 2 of 'FTM_SetupPwm' from incompatible pointer type [-Wincompatible-pointer-types]
  FTM_SetupPwm(FTM0, &ftmParams, 6U, kFTM_EdgeAlignedPwm, 2400U,
                     ^
In file included from ../source/SmartHigh.c:8:0:
../drivers/fsl_ftm.h:441:10: note: expected 'const ftm_chnl_pwm_signal_param_t * {aka const struct _ftm_chnl_pwm_signal_param *}' but argument is of type 'ftm_chnl_pwm_signal_param_t (*)[6] {aka struct _ftm_chnl_pwm_signal_param (*)[6]}'
 status_t FTM_SetupPwm(FTM_Type *base,
          ^~~~~~~~~~~~
../source/SmartHigh.c:103:21: warning: passing argument 2 of 'FTM_SetupPwm' from incompatible pointer type [-Wincompatible-pointer-types]
  FTM_SetupPwm(FTM1, &ftmParams, 2U, kFTM_EdgeAlignedPwm, 2400U,
                     ^
In file included from ../source/SmartHigh.c:8:0:
../drivers/fsl_ftm.h:441:10: note: expected 'const ftm_chnl_pwm_signal_param_t * {aka const struct _ftm_chnl_pwm_signal_param *}' but argument is of type 'ftm_chnl_pwm_signal_param_t (*)[6] {aka struct _ftm_chnl_pwm_signal_param (*)[6]}'
 status_t FTM_SetupPwm(FTM_Type *base,
          ^~~~~~~~~~~~
../source/SmartHigh.c:105:21: warning: passing argument 2 of 'FTM_SetupPwm' from incompatible pointer type [-Wincompatible-pointer-types]
  FTM_SetupPwm(FTM2, &ftmParams, 2U, kFTM_EdgeAlignedPwm, 2400U,
                     ^
In file included from ../source/SmartHigh.c:8:0:
../drivers/fsl_ftm.h:441:10: note: expected 'const ftm_chnl_pwm_signal_param_t * {aka const struct _ftm_chnl_pwm_signal_param *}' but argument is of type 'ftm_chnl_pwm_signal_param_t (*)[6] {aka struct _ftm_chnl_pwm_signal_param (*)[6]}'
 status_t FTM_SetupPwm(FTM_Type *base,
          ^~~~~~~~~~~~
../source/SmartHigh.c:107:21: warning: passing argument 2 of 'FTM_SetupPwm' from incompatible pointer type [-Wincompatible-pointer-types]
  FTM_SetupPwm(FTM4, &ftmParams, 2U, kFTM_EdgeAlignedPwm, 2400U,
                     ^
In file included from ../source/SmartHigh.c:8:0:
../drivers/fsl_ftm.h:441:10: note: expected 'const ftm_chnl_pwm_signal_param_t * {aka const struct _ftm_chnl_pwm_signal_param *}' but argument is of type 'ftm_chnl_pwm_signal_param_t (*)[6] {aka struct _ftm_chnl_pwm_signal_param (*)[6]}'
 status_t FTM_SetupPwm(FTM_Type *base,
          ^~~~~~~~~~~~
../source/SmartHigh.c:164:3: warning: "/*" within comment [-Wcomment]
   /* something to use as a breakpoint stop while looping */
    
../source/SmartHigh.c:146:10: warning: unused variable 'index' [-Wunused-variable]
  uint8_t index = 0;
          ^~~~~
../source/SmartHigh.c:133:10: warning: unused variable 'ch' [-Wunused-variable]
  uint8_t ch;
          ^~
Finished building: ../source/SmartHigh.c
 
Building target: SmartHigh.axf
Invoking: MCU Linker
arm-none-eabi-gcc -nostdlib -Xlinker -Map="SmartHigh.map" -Xlinker --gc-sections -Xlinker -print-memory-usage -mcpu=cortex-m0plus -mthumb -T SmartHigh_Debug.ld -o "SmartHigh.axf"  ./startup/startup_mkv11z7.o  ./source/SmartHigh.o ./source/mtb.o ./source/semihost_hardfault.o  ./drivers/fsl_clock.o ./drivers/fsl_common.o ./drivers/fsl_ftm.o ./drivers/fsl_gpio.o ./drivers/fsl_uart.o  ./board/board.o ./board/clock_config.o ./board/peripherals.o ./board/pin_mux.o  ./CMSIS/system_MKV11Z7.o   
Memory region         Used Size  Region Size  %age Used
   PROGRAM_FLASH:       13480 B        64 KB     20.57%
            SRAM:        2460 B        16 KB     15.01%
Finished building target: SmartHigh.axf
 
make --no-print-directory post-build
Performing post-build steps
arm-none-eabi-size "SmartHigh.axf"; # arm-none-eabi-objcopy -v -O binary "SmartHigh.axf" "SmartHigh.bin" ; # checksum -p MKV11Z64xxx7 -d "SmartHigh.bin";
   text	   data	    bss	    dec	    hex	filename
  13408	     72	   2388	  15868	   3dfc	SmartHigh.axf
 
18:08:49 **** Incremental Build of configuration Debug for project SmartHigh ****
make -r -j4 all 
Building file: ../source/SmartHigh.c
Invoking: MCU C Compiler
arm-none-eabi-gcc -D__REDLIB__ -DSDK_OS_BAREMETAL -DFSL_RTOS_BM -DSDK_DEBUGCONSOLE=0 -DCR_INTEGER_PRINTF -DPRINTF_FLOAT_ENABLE=0 -DCPU_MKV11Z64VFM7 -DCPU_MKV11Z64VFM7_cm0plus -D__MCUXPRESSO -D__USE_CMSIS -DDEBUG -I../board -I../source -I../ -I../drivers -I../CMSIS -I../startup -O0 -fno-common -g3 -Wall -c -ffunction-sections -fdata-sections -ffreestanding -fno-builtin -mcpu=cortex-m0plus -mthumb -D__REDLIB__ -specs=redlib.specs -MMD -MP -MF"source/SmartHigh.d" -MT"source/SmartHigh.o" -MT"source/SmartHigh.d" -o "source/SmartHigh.o" "../source/SmartHigh.c"
../source/SmartHigh.c: In function 'main':
../source/SmartHigh.c:101:21: warning: passing argument 2 of 'FTM_SetupPwm' from incompatible pointer type [-Wincompatible-pointer-types]
  FTM_SetupPwm(FTM0, &ftmParams, 6U, kFTM_EdgeAlignedPwm, 2400U,
                     ^
In file included from ../source/SmartHigh.c:8:0:
../drivers/fsl_ftm.h:441:10: note: expected 'const ftm_chnl_pwm_signal_param_t * {aka const struct _ftm_chnl_pwm_signal_param *}' but argument is of type 'ftm_chnl_pwm_signal_param_t (*)[6] {aka struct _ftm_chnl_pwm_signal_param (*)[6]}'
 status_t FTM_SetupPwm(FTM_Type *base,
          ^~~~~~~~~~~~
../source/SmartHigh.c:103:21: warning: passing argument 2 of 'FTM_SetupPwm' from incompatible pointer type [-Wincompatible-pointer-types]
  FTM_SetupPwm(FTM1, &ftmParams, 2U, kFTM_EdgeAlignedPwm, 2400U,
                     ^
In file included from ../source/SmartHigh.c:8:0:
../drivers/fsl_ftm.h:441:10: note: expected 'const ftm_chnl_pwm_signal_param_t * {aka const struct _ftm_chnl_pwm_signal_param *}' but argument is of type 'ftm_chnl_pwm_signal_param_t (*)[6] {aka struct _ftm_chnl_pwm_signal_param (*)[6]}'
 status_t FTM_SetupPwm(FTM_Type *base,
          ^~~~~~~~~~~~
../source/SmartHigh.c:105:21: warning: passing argument 2 of 'FTM_SetupPwm' from incompatible pointer type [-Wincompatible-pointer-types]
  FTM_SetupPwm(FTM2, &ftmParams, 2U, kFTM_EdgeAlignedPwm, 2400U,
                     ^
In file included from ../source/SmartHigh.c:8:0:
../drivers/fsl_ftm.h:441:10: note: expected 'const ftm_chnl_pwm_signal_param_t * {aka const struct _ftm_chnl_pwm_signal_param *}' but argument is of type 'ftm_chnl_pwm_signal_param_t (*)[6] {aka struct _ftm_chnl_pwm_signal_param (*)[6]}'
 status_t FTM_SetupPwm(FTM_Type *base,
          ^~~~~~~~~~~~
../source/SmartHigh.c:107:21: warning: passing argument 2 of 'FTM_SetupPwm' from incompatible pointer type [-Wincompatible-pointer-types]
  FTM_SetupPwm(FTM4, &ftmParams, 2U, kFTM_EdgeAlignedPwm, 2400U,
                     ^
In file included from ../source/SmartHigh.c:8:0:
../drivers/fsl_ftm.h:441:10: note: expected 'const ftm_chnl_pwm_signal_param_t * {aka const struct _ftm_chnl_pwm_signal_param *}' but argument is of type 'ftm_chnl_pwm_signal_param_t (*)[6] {aka struct _ftm_chnl_pwm_signal_param (*)[6]}'
 status_t FTM_SetupPwm(FTM_Type *base,
          ^~~~~~~~~~~~
../source/SmartHigh.c:164:3: warning: "/*" within comment [-Wcomment]
   /* something to use as a breakpoint stop while looping */
    
../source/SmartHigh.c:146:10: warning: unused variable 'index' [-Wunused-variable]
  uint8_t index = 0;
          ^~~~~
../source/SmartHigh.c:133:10: warning: unused variable 'ch' [-Wunused-variable]
  uint8_t ch;
          ^~
Finished building: ../source/SmartHigh.c
 
Building target: SmartHigh.axf
Invoking: MCU Linker
arm-none-eabi-gcc -nostdlib -Xlinker -Map="SmartHigh.map" -Xlinker --gc-sections -Xlinker -print-memory-usage -mcpu=cortex-m0plus -mthumb -T SmartHigh_Debug.ld -o "SmartHigh.axf"  ./startup/startup_mkv11z7.o  ./source/SmartHigh.o ./source/mtb.o ./source/semihost_hardfault.o  ./drivers/fsl_clock.o ./drivers/fsl_common.o ./drivers/fsl_ftm.o ./drivers/fsl_gpio.o ./drivers/fsl_uart.o  ./board/board.o ./board/clock_config.o ./board/peripherals.o ./board/pin_mux.o  ./CMSIS/system_MKV11Z7.o   
Memory region         Used Size  Region Size  %age Used
   PROGRAM_FLASH:       13480 B        64 KB     20.57%
            SRAM:        2460 B        16 KB     15.01%
Finished building target: SmartHigh.axf
 
make --no-print-directory post-build
Performing post-build steps
arm-none-eabi-size "SmartHigh.axf"; # arm-none-eabi-objcopy -v -O binary "SmartHigh.axf" "SmartHigh.bin" ; # checksum -p MKV11Z64xxx7 -d "SmartHigh.bin";
   text	   data	    bss	    dec	    hex	filename
  13408	     72	   2388	  15868	   3dfc	SmartHigh.axf
 
18:13:36 **** Incremental Build of configuration Debug for project SmartHigh ****
make -r -j4 all 
make: Nothing to be done for `all'.
18:36:20 **** Incremental Build of configuration Debug for project SmartHigh ****
make -r -j4 all 
make: Nothing to be done for `all'.
18:43:20 **** Incremental Build of configuration Debug for project SmartHigh ****
make -r -j4 all 
make: Nothing to be done for `all'.
18:45:10 **** Incremental Build of configuration Debug for project SmartHigh ****
make -r -j4 all 
make: Nothing to be done for `all'.
20:12:46 **** Incremental Build of configuration Debug for project SmartHigh ****
make -r -j4 all 
make: Nothing to be done for `all'.
21:08:23 **** Incremental Build of configuration Debug for project SmartHigh ****
make -r -j4 all 
Building file: ../source/SmartHigh.c
Invoking: MCU C Compiler
arm-none-eabi-gcc -D__REDLIB__ -DSDK_OS_BAREMETAL -DFSL_RTOS_BM -DSDK_DEBUGCONSOLE=0 -DCR_INTEGER_PRINTF -DPRINTF_FLOAT_ENABLE=0 -DCPU_MKV11Z64VFM7 -DCPU_MKV11Z64VFM7_cm0plus -D__MCUXPRESSO -D__USE_CMSIS -DDEBUG -I../board -I../source -I../ -I../drivers -I../CMSIS -I../startup -O0 -fno-common -g3 -Wall -c -ffunction-sections -fdata-sections -ffreestanding -fno-builtin -mcpu=cortex-m0plus -mthumb -D__REDLIB__ -specs=redlib.specs -MMD -MP -MF"source/SmartHigh.d" -MT"source/SmartHigh.o" -MT"source/SmartHigh.d" -o "source/SmartHigh.o" "../source/SmartHigh.c"
../source/SmartHigh.c: In function 'main':
../source/SmartHigh.c:101:21: warning: passing argument 2 of 'FTM_SetupPwm' from incompatible pointer type [-Wincompatible-pointer-types]
  FTM_SetupPwm(FTM0, &ftmParams, 6U, kFTM_EdgeAlignedPwm, 2400U,
                     ^
In file included from ../source/SmartHigh.c:8:0:
../drivers/fsl_ftm.h:441:10: note: expected 'const ftm_chnl_pwm_signal_param_t * {aka const struct _ftm_chnl_pwm_signal_param *}' but argument is of type 'ftm_chnl_pwm_signal_param_t (*)[6] {aka struct _ftm_chnl_pwm_signal_param (*)[6]}'
 status_t FTM_SetupPwm(FTM_Type *base,
          ^~~~~~~~~~~~
../source/SmartHigh.c:103:21: warning: passing argument 2 of 'FTM_SetupPwm' from incompatible pointer type [-Wincompatible-pointer-types]
  FTM_SetupPwm(FTM1, &ftmParams, 2U, kFTM_EdgeAlignedPwm, 2400U,
                     ^
In file included from ../source/SmartHigh.c:8:0:
../drivers/fsl_ftm.h:441:10: note: expected 'const ftm_chnl_pwm_signal_param_t * {aka const struct _ftm_chnl_pwm_signal_param *}' but argument is of type 'ftm_chnl_pwm_signal_param_t (*)[6] {aka struct _ftm_chnl_pwm_signal_param (*)[6]}'
 status_t FTM_SetupPwm(FTM_Type *base,
          ^~~~~~~~~~~~
../source/SmartHigh.c:105:21: warning: passing argument 2 of 'FTM_SetupPwm' from incompatible pointer type [-Wincompatible-pointer-types]
  FTM_SetupPwm(FTM2, &ftmParams, 2U, kFTM_EdgeAlignedPwm, 2400U,
                     ^
In file included from ../source/SmartHigh.c:8:0:
../drivers/fsl_ftm.h:441:10: note: expected 'const ftm_chnl_pwm_signal_param_t * {aka const struct _ftm_chnl_pwm_signal_param *}' but argument is of type 'ftm_chnl_pwm_signal_param_t (*)[6] {aka struct _ftm_chnl_pwm_signal_param (*)[6]}'
 status_t FTM_SetupPwm(FTM_Type *base,
          ^~~~~~~~~~~~
../source/SmartHigh.c:107:21: warning: passing argument 2 of 'FTM_SetupPwm' from incompatible pointer type [-Wincompatible-pointer-types]
  FTM_SetupPwm(FTM4, &ftmParams, 2U, kFTM_EdgeAlignedPwm, 2400U,
                     ^
In file included from ../source/SmartHigh.c:8:0:
../drivers/fsl_ftm.h:441:10: note: expected 'const ftm_chnl_pwm_signal_param_t * {aka const struct _ftm_chnl_pwm_signal_param *}' but argument is of type 'ftm_chnl_pwm_signal_param_t (*)[6] {aka struct _ftm_chnl_pwm_signal_param (*)[6]}'
 status_t FTM_SetupPwm(FTM_Type *base,
          ^~~~~~~~~~~~
../source/SmartHigh.c:146:10: warning: unused variable 'index' [-Wunused-variable]
  uint8_t index = 0;
          ^~~~~
../source/SmartHigh.c:133:10: warning: unused variable 'ch' [-Wunused-variable]
  uint8_t ch;
          ^~
../source/SmartHigh.c:150:1: warning: control reaches end of non-void function [-Wreturn-type]
 }
 ^
Finished building: ../source/SmartHigh.c
 
Building target: SmartHigh.axf
Invoking: MCU Linker
arm-none-eabi-gcc -nostdlib -Xlinker -Map="SmartHigh.map" -Xlinker --gc-sections -Xlinker -print-memory-usage -mcpu=cortex-m0plus -mthumb -T SmartHigh_Debug.ld -o "SmartHigh.axf"  ./startup/startup_mkv11z7.o  ./source/SmartHigh.o ./source/mtb.o ./source/semihost_hardfault.o  ./drivers/fsl_clock.o ./drivers/fsl_common.o ./drivers/fsl_ftm.o ./drivers/fsl_gpio.o ./drivers/fsl_uart.o  ./board/board.o ./board/clock_config.o ./board/peripherals.o ./board/pin_mux.o  ./CMSIS/system_MKV11Z7.o   
Memory region         Used Size  Region Size  %age Used
   PROGRAM_FLASH:       13324 B        64 KB     20.33%
            SRAM:        2460 B        16 KB     15.01%
Finished building target: SmartHigh.axf
 
make --no-print-directory post-build
Performing post-build steps
arm-none-eabi-size "SmartHigh.axf"; # arm-none-eabi-objcopy -v -O binary "SmartHigh.axf" "SmartHigh.bin" ; # checksum -p MKV11Z64xxx7 -d "SmartHigh.bin";
   text	   data	    bss	    dec	    hex	filename
  13252	     72	   2388	  15712	   3d60	SmartHigh.axf
 
21:09:46 **** Incremental Build of configuration Debug for project SmartHigh ****
make -r -j4 all 
Building file: ../source/SmartHigh.c
Invoking: MCU C Compiler
arm-none-eabi-gcc -D__REDLIB__ -DSDK_OS_BAREMETAL -DFSL_RTOS_BM -DSDK_DEBUGCONSOLE=0 -DCR_INTEGER_PRINTF -DPRINTF_FLOAT_ENABLE=0 -DCPU_MKV11Z64VFM7 -DCPU_MKV11Z64VFM7_cm0plus -D__MCUXPRESSO -D__USE_CMSIS -DDEBUG -I../board -I../source -I../ -I../drivers -I../CMSIS -I../startup -O0 -fno-common -g3 -Wall -c -ffunction-sections -fdata-sections -ffreestanding -fno-builtin -mcpu=cortex-m0plus -mthumb -D__REDLIB__ -specs=redlib.specs -MMD -MP -MF"source/SmartHigh.d" -MT"source/SmartHigh.o" -MT"source/SmartHigh.d" -o "source/SmartHigh.o" "../source/SmartHigh.c"
../source/SmartHigh.c: In function 'main':
../source/SmartHigh.c:101:21: warning: passing argument 2 of 'FTM_SetupPwm' from incompatible pointer type [-Wincompatible-pointer-types]
  FTM_SetupPwm(FTM0, &ftmParams, 6U, kFTM_EdgeAlignedPwm, 2400U,
                     ^
In file included from ../source/SmartHigh.c:8:0:
../drivers/fsl_ftm.h:441:10: note: expected 'const ftm_chnl_pwm_signal_param_t * {aka const struct _ftm_chnl_pwm_signal_param *}' but argument is of type 'ftm_chnl_pwm_signal_param_t (*)[6] {aka struct _ftm_chnl_pwm_signal_param (*)[6]}'
 status_t FTM_SetupPwm(FTM_Type *base,
          ^~~~~~~~~~~~
../source/SmartHigh.c:103:21: warning: passing argument 2 of 'FTM_SetupPwm' from incompatible pointer type [-Wincompatible-pointer-types]
  FTM_SetupPwm(FTM1, &ftmParams, 2U, kFTM_EdgeAlignedPwm, 2400U,
                     ^
In file included from ../source/SmartHigh.c:8:0:
../drivers/fsl_ftm.h:441:10: note: expected 'const ftm_chnl_pwm_signal_param_t * {aka const struct _ftm_chnl_pwm_signal_param *}' but argument is of type 'ftm_chnl_pwm_signal_param_t (*)[6] {aka struct _ftm_chnl_pwm_signal_param (*)[6]}'
 status_t FTM_SetupPwm(FTM_Type *base,
          ^~~~~~~~~~~~
../source/SmartHigh.c:105:21: warning: passing argument 2 of 'FTM_SetupPwm' from incompatible pointer type [-Wincompatible-pointer-types]
  FTM_SetupPwm(FTM2, &ftmParams, 2U, kFTM_EdgeAlignedPwm, 2400U,
                     ^
In file included from ../source/SmartHigh.c:8:0:
../drivers/fsl_ftm.h:441:10: note: expected 'const ftm_chnl_pwm_signal_param_t * {aka const struct _ftm_chnl_pwm_signal_param *}' but argument is of type 'ftm_chnl_pwm_signal_param_t (*)[6] {aka struct _ftm_chnl_pwm_signal_param (*)[6]}'
 status_t FTM_SetupPwm(FTM_Type *base,
          ^~~~~~~~~~~~
../source/SmartHigh.c:107:21: warning: passing argument 2 of 'FTM_SetupPwm' from incompatible pointer type [-Wincompatible-pointer-types]
  FTM_SetupPwm(FTM4, &ftmParams, 2U, kFTM_EdgeAlignedPwm, 2400U,
                     ^
In file included from ../source/SmartHigh.c:8:0:
../drivers/fsl_ftm.h:441:10: note: expected 'const ftm_chnl_pwm_signal_param_t * {aka const struct _ftm_chnl_pwm_signal_param *}' but argument is of type 'ftm_chnl_pwm_signal_param_t (*)[6] {aka struct _ftm_chnl_pwm_signal_param (*)[6]}'
 status_t FTM_SetupPwm(FTM_Type *base,
          ^~~~~~~~~~~~
../source/SmartHigh.c:131:1: warning: control reaches end of non-void function [-Wreturn-type]
 }
 ^
Finished building: ../source/SmartHigh.c
 
Building target: SmartHigh.axf
Invoking: MCU Linker
arm-none-eabi-gcc -nostdlib -Xlinker -Map="SmartHigh.map" -Xlinker --gc-sections -Xlinker -print-memory-usage -mcpu=cortex-m0plus -mthumb -T SmartHigh_Debug.ld -o "SmartHigh.axf"  ./startup/startup_mkv11z7.o  ./source/SmartHigh.o ./source/mtb.o ./source/semihost_hardfault.o  ./drivers/fsl_clock.o ./drivers/fsl_common.o ./drivers/fsl_ftm.o ./drivers/fsl_gpio.o ./drivers/fsl_uart.o  ./board/board.o ./board/clock_config.o ./board/peripherals.o ./board/pin_mux.o  ./CMSIS/system_MKV11Z7.o   
Memory region         Used Size  Region Size  %age Used
   PROGRAM_FLASH:       10792 B        64 KB     16.47%
            SRAM:        2460 B        16 KB     15.01%
Finished building target: SmartHigh.axf
 
make --no-print-directory post-build
Performing post-build steps
arm-none-eabi-size "SmartHigh.axf"; # arm-none-eabi-objcopy -v -O binary "SmartHigh.axf" "SmartHigh.bin" ; # checksum -p MKV11Z64xxx7 -d "SmartHigh.bin";
   text	   data	    bss	    dec	    hex	filename
  10720	     72	   2388	  13180	   337c	SmartHigh.axf
 
21:10:29 **** Incremental Build of configuration Debug for project SmartHigh ****
make -r -j4 all 
Building file: ../source/SmartHigh.c
Invoking: MCU C Compiler
arm-none-eabi-gcc -D__REDLIB__ -DSDK_OS_BAREMETAL -DFSL_RTOS_BM -DSDK_DEBUGCONSOLE=0 -DCR_INTEGER_PRINTF -DPRINTF_FLOAT_ENABLE=0 -DCPU_MKV11Z64VFM7 -DCPU_MKV11Z64VFM7_cm0plus -D__MCUXPRESSO -D__USE_CMSIS -DDEBUG -I../board -I../source -I../ -I../drivers -I../CMSIS -I../startup -O0 -fno-common -g3 -Wall -c -ffunction-sections -fdata-sections -ffreestanding -fno-builtin -mcpu=cortex-m0plus -mthumb -D__REDLIB__ -specs=redlib.specs -MMD -MP -MF"source/SmartHigh.d" -MT"source/SmartHigh.o" -MT"source/SmartHigh.d" -o "source/SmartHigh.o" "../source/SmartHigh.c"
../source/SmartHigh.c: In function 'main':
../source/SmartHigh.c:101:21: warning: passing argument 2 of 'FTM_SetupPwm' from incompatible pointer type [-Wincompatible-pointer-types]
  FTM_SetupPwm(FTM0, &ftmParams, 6U, kFTM_EdgeAlignedPwm, 2400U,
                     ^
In file included from ../source/SmartHigh.c:8:0:
../drivers/fsl_ftm.h:441:10: note: expected 'const ftm_chnl_pwm_signal_param_t * {aka const struct _ftm_chnl_pwm_signal_param *}' but argument is of type 'ftm_chnl_pwm_signal_param_t (*)[6] {aka struct _ftm_chnl_pwm_signal_param (*)[6]}'
 status_t FTM_SetupPwm(FTM_Type *base,
          ^~~~~~~~~~~~
../source/SmartHigh.c:103:21: warning: passing argument 2 of 'FTM_SetupPwm' from incompatible pointer type [-Wincompatible-pointer-types]
  FTM_SetupPwm(FTM1, &ftmParams, 2U, kFTM_EdgeAlignedPwm, 2400U,
                     ^
In file included from ../source/SmartHigh.c:8:0:
../drivers/fsl_ftm.h:441:10: note: expected 'const ftm_chnl_pwm_signal_param_t * {aka const struct _ftm_chnl_pwm_signal_param *}' but argument is of type 'ftm_chnl_pwm_signal_param_t (*)[6] {aka struct _ftm_chnl_pwm_signal_param (*)[6]}'
 status_t FTM_SetupPwm(FTM_Type *base,
          ^~~~~~~~~~~~
../source/SmartHigh.c:105:21: warning: passing argument 2 of 'FTM_SetupPwm' from incompatible pointer type [-Wincompatible-pointer-types]
  FTM_SetupPwm(FTM2, &ftmParams, 2U, kFTM_EdgeAlignedPwm, 2400U,
                     ^
In file included from ../source/SmartHigh.c:8:0:
../drivers/fsl_ftm.h:441:10: note: expected 'const ftm_chnl_pwm_signal_param_t * {aka const struct _ftm_chnl_pwm_signal_param *}' but argument is of type 'ftm_chnl_pwm_signal_param_t (*)[6] {aka struct _ftm_chnl_pwm_signal_param (*)[6]}'
 status_t FTM_SetupPwm(FTM_Type *base,
          ^~~~~~~~~~~~
../source/SmartHigh.c:107:21: warning: passing argument 2 of 'FTM_SetupPwm' from incompatible pointer type [-Wincompatible-pointer-types]
  FTM_SetupPwm(FTM4, &ftmParams, 2U, kFTM_EdgeAlignedPwm, 2400U,
                     ^
In file included from ../source/SmartHigh.c:8:0:
../drivers/fsl_ftm.h:441:10: note: expected 'const ftm_chnl_pwm_signal_param_t * {aka const struct _ftm_chnl_pwm_signal_param *}' but argument is of type 'ftm_chnl_pwm_signal_param_t (*)[6] {aka struct _ftm_chnl_pwm_signal_param (*)[6]}'
 status_t FTM_SetupPwm(FTM_Type *base,
          ^~~~~~~~~~~~
../source/SmartHigh.c:131:1: warning: control reaches end of non-void function [-Wreturn-type]
 }
 ^
Finished building: ../source/SmartHigh.c
 
Building target: SmartHigh.axf
Invoking: MCU Linker
arm-none-eabi-gcc -nostdlib -Xlinker -Map="SmartHigh.map" -Xlinker --gc-sections -Xlinker -print-memory-usage -mcpu=cortex-m0plus -mthumb -T SmartHigh_Debug.ld -o "SmartHigh.axf"  ./startup/startup_mkv11z7.o  ./source/SmartHigh.o ./source/mtb.o ./source/semihost_hardfault.o  ./drivers/fsl_clock.o ./drivers/fsl_common.o ./drivers/fsl_ftm.o ./drivers/fsl_gpio.o ./drivers/fsl_uart.o  ./board/board.o ./board/clock_config.o ./board/peripherals.o ./board/pin_mux.o  ./CMSIS/system_MKV11Z7.o   
Memory region         Used Size  Region Size  %age Used
   PROGRAM_FLASH:       10608 B        64 KB     16.19%
            SRAM:        2400 B        16 KB     14.65%
Finished building target: SmartHigh.axf
 
make --no-print-directory post-build
Performing post-build steps
arm-none-eabi-size "SmartHigh.axf"; # arm-none-eabi-objcopy -v -O binary "SmartHigh.axf" "SmartHigh.bin" ; # checksum -p MKV11Z64xxx7 -d "SmartHigh.bin";
   text	   data	    bss	    dec	    hex	filename
  10596	     12	   2388	  12996	   32c4	SmartHigh.axf
 
21:13:21 **** Incremental Build of configuration Debug for project SmartHigh ****
make -r -j4 all 
Building file: ../source/SmartHigh.c
Invoking: MCU C Compiler
arm-none-eabi-gcc -D__REDLIB__ -DSDK_OS_BAREMETAL -DFSL_RTOS_BM -DSDK_DEBUGCONSOLE=0 -DCR_INTEGER_PRINTF -DPRINTF_FLOAT_ENABLE=0 -DCPU_MKV11Z64VFM7 -DCPU_MKV11Z64VFM7_cm0plus -D__MCUXPRESSO -D__USE_CMSIS -DDEBUG -I../board -I../source -I../ -I../drivers -I../CMSIS -I../startup -O0 -fno-common -g3 -Wall -c -ffunction-sections -fdata-sections -ffreestanding -fno-builtin -mcpu=cortex-m0plus -mthumb -D__REDLIB__ -specs=redlib.specs -MMD -MP -MF"source/SmartHigh.d" -MT"source/SmartHigh.o" -MT"source/SmartHigh.d" -o "source/SmartHigh.o" "../source/SmartHigh.c"
../source/SmartHigh.c: In function 'main':
../source/SmartHigh.c:101:21: warning: passing argument 2 of 'FTM_SetupPwm' from incompatible pointer type [-Wincompatible-pointer-types]
  FTM_SetupPwm(FTM0, &ftmParams, 6U, kFTM_EdgeAlignedPwm, 2400U,
                     ^
In file included from ../source/SmartHigh.c:8:0:
../drivers/fsl_ftm.h:441:10: note: expected 'const ftm_chnl_pwm_signal_param_t * {aka const struct _ftm_chnl_pwm_signal_param *}' but argument is of type 'ftm_chnl_pwm_signal_param_t (*)[6] {aka struct _ftm_chnl_pwm_signal_param (*)[6]}'
 status_t FTM_SetupPwm(FTM_Type *base,
          ^~~~~~~~~~~~
../source/SmartHigh.c:103:21: warning: passing argument 2 of 'FTM_SetupPwm' from incompatible pointer type [-Wincompatible-pointer-types]
  FTM_SetupPwm(FTM1, &ftmParams, 2U, kFTM_EdgeAlignedPwm, 2400U,
                     ^
In file included from ../source/SmartHigh.c:8:0:
../drivers/fsl_ftm.h:441:10: note: expected 'const ftm_chnl_pwm_signal_param_t * {aka const struct _ftm_chnl_pwm_signal_param *}' but argument is of type 'ftm_chnl_pwm_signal_param_t (*)[6] {aka struct _ftm_chnl_pwm_signal_param (*)[6]}'
 status_t FTM_SetupPwm(FTM_Type *base,
          ^~~~~~~~~~~~
../source/SmartHigh.c:105:21: warning: passing argument 2 of 'FTM_SetupPwm' from incompatible pointer type [-Wincompatible-pointer-types]
  FTM_SetupPwm(FTM2, &ftmParams, 2U, kFTM_EdgeAlignedPwm, 2400U,
                     ^
In file included from ../source/SmartHigh.c:8:0:
../drivers/fsl_ftm.h:441:10: note: expected 'const ftm_chnl_pwm_signal_param_t * {aka const struct _ftm_chnl_pwm_signal_param *}' but argument is of type 'ftm_chnl_pwm_signal_param_t (*)[6] {aka struct _ftm_chnl_pwm_signal_param (*)[6]}'
 status_t FTM_SetupPwm(FTM_Type *base,
          ^~~~~~~~~~~~
../source/SmartHigh.c:107:21: warning: passing argument 2 of 'FTM_SetupPwm' from incompatible pointer type [-Wincompatible-pointer-types]
  FTM_SetupPwm(FTM4, &ftmParams, 2U, kFTM_EdgeAlignedPwm, 2400U,
                     ^
In file included from ../source/SmartHigh.c:8:0:
../drivers/fsl_ftm.h:441:10: note: expected 'const ftm_chnl_pwm_signal_param_t * {aka const struct _ftm_chnl_pwm_signal_param *}' but argument is of type 'ftm_chnl_pwm_signal_param_t (*)[6] {aka struct _ftm_chnl_pwm_signal_param (*)[6]}'
 status_t FTM_SetupPwm(FTM_Type *base,
          ^~~~~~~~~~~~
Finished building: ../source/SmartHigh.c
 
Building target: SmartHigh.axf
Invoking: MCU Linker
arm-none-eabi-gcc -nostdlib -Xlinker -Map="SmartHigh.map" -Xlinker --gc-sections -Xlinker -print-memory-usage -mcpu=cortex-m0plus -mthumb -T SmartHigh_Debug.ld -o "SmartHigh.axf"  ./startup/startup_mkv11z7.o  ./source/SmartHigh.o ./source/mtb.o ./source/semihost_hardfault.o  ./drivers/fsl_clock.o ./drivers/fsl_common.o ./drivers/fsl_ftm.o ./drivers/fsl_gpio.o ./drivers/fsl_uart.o  ./board/board.o ./board/clock_config.o ./board/peripherals.o ./board/pin_mux.o  ./CMSIS/system_MKV11Z7.o   
Memory region         Used Size  Region Size  %age Used
   PROGRAM_FLASH:       10600 B        64 KB     16.17%
            SRAM:        2400 B        16 KB     14.65%
Finished building target: SmartHigh.axf
 
make --no-print-directory post-build
Performing post-build steps
arm-none-eabi-size "SmartHigh.axf"; # arm-none-eabi-objcopy -v -O binary "SmartHigh.axf" "SmartHigh.bin" ; # checksum -p MKV11Z64xxx7 -d "SmartHigh.bin";
   text	   data	    bss	    dec	    hex	filename
  10588	     12	   2388	  12988	   32bc	SmartHigh.axf
 
21:13:45 **** Incremental Build of configuration Debug for project SmartHigh ****
make -r -j4 all 
make: Nothing to be done for `all'.
21:15:50 **** Incremental Build of configuration Debug for project SmartHigh ****
make -r -j4 all 
Building file: ../source/SmartHigh.c
Invoking: MCU C Compiler
arm-none-eabi-gcc -D__REDLIB__ -DSDK_OS_BAREMETAL -DFSL_RTOS_BM -DSDK_DEBUGCONSOLE=0 -DCR_INTEGER_PRINTF -DPRINTF_FLOAT_ENABLE=0 -DCPU_MKV11Z64VFM7 -DCPU_MKV11Z64VFM7_cm0plus -D__MCUXPRESSO -D__USE_CMSIS -DDEBUG -I../board -I../source -I../ -I../drivers -I../CMSIS -I../startup -O0 -fno-common -g3 -Wall -c -ffunction-sections -fdata-sections -ffreestanding -fno-builtin -mcpu=cortex-m0plus -mthumb -D__REDLIB__ -specs=redlib.specs -MMD -MP -MF"source/SmartHigh.d" -MT"source/SmartHigh.o" -MT"source/SmartHigh.d" -o "source/SmartHigh.o" "../source/SmartHigh.c"
../source/SmartHigh.c: In function 'main':
../source/SmartHigh.c:101:21: warning: passing argument 2 of 'FTM_SetupPwm' from incompatible pointer type [-Wincompatible-pointer-types]
  FTM_SetupPwm(FTM0, &ftmParams, 6U, kFTM_EdgeAlignedPwm, 2400U,
                     ^
In file included from ../source/SmartHigh.c:8:0:
../drivers/fsl_ftm.h:441:10: note: expected 'const ftm_chnl_pwm_signal_param_t * {aka const struct _ftm_chnl_pwm_signal_param *}' but argument is of type 'ftm_chnl_pwm_signal_param_t (*)[6] {aka struct _ftm_chnl_pwm_signal_param (*)[6]}'
 status_t FTM_SetupPwm(FTM_Type *base,
          ^~~~~~~~~~~~
../source/SmartHigh.c:103:21: warning: passing argument 2 of 'FTM_SetupPwm' from incompatible pointer type [-Wincompatible-pointer-types]
  FTM_SetupPwm(FTM1, &ftmParams, 2U, kFTM_EdgeAlignedPwm, 2400U,
                     ^
In file included from ../source/SmartHigh.c:8:0:
../drivers/fsl_ftm.h:441:10: note: expected 'const ftm_chnl_pwm_signal_param_t * {aka const struct _ftm_chnl_pwm_signal_param *}' but argument is of type 'ftm_chnl_pwm_signal_param_t (*)[6] {aka struct _ftm_chnl_pwm_signal_param (*)[6]}'
 status_t FTM_SetupPwm(FTM_Type *base,
          ^~~~~~~~~~~~
../source/SmartHigh.c:105:21: warning: passing argument 2 of 'FTM_SetupPwm' from incompatible pointer type [-Wincompatible-pointer-types]
  FTM_SetupPwm(FTM2, &ftmParams, 2U, kFTM_EdgeAlignedPwm, 2400U,
                     ^
In file included from ../source/SmartHigh.c:8:0:
../drivers/fsl_ftm.h:441:10: note: expected 'const ftm_chnl_pwm_signal_param_t * {aka const struct _ftm_chnl_pwm_signal_param *}' but argument is of type 'ftm_chnl_pwm_signal_param_t (*)[6] {aka struct _ftm_chnl_pwm_signal_param (*)[6]}'
 status_t FTM_SetupPwm(FTM_Type *base,
          ^~~~~~~~~~~~
../source/SmartHigh.c:107:21: warning: passing argument 2 of 'FTM_SetupPwm' from incompatible pointer type [-Wincompatible-pointer-types]
  FTM_SetupPwm(FTM4, &ftmParams, 2U, kFTM_EdgeAlignedPwm, 2400U,
                     ^
In file included from ../source/SmartHigh.c:8:0:
../drivers/fsl_ftm.h:441:10: note: expected 'const ftm_chnl_pwm_signal_param_t * {aka const struct _ftm_chnl_pwm_signal_param *}' but argument is of type 'ftm_chnl_pwm_signal_param_t (*)[6] {aka struct _ftm_chnl_pwm_signal_param (*)[6]}'
 status_t FTM_SetupPwm(FTM_Type *base,
          ^~~~~~~~~~~~
Finished building: ../source/SmartHigh.c
 
Building target: SmartHigh.axf
Invoking: MCU Linker
arm-none-eabi-gcc -nostdlib -Xlinker -Map="SmartHigh.map" -Xlinker --gc-sections -Xlinker -print-memory-usage -mcpu=cortex-m0plus -mthumb -T SmartHigh_Debug.ld -o "SmartHigh.axf"  ./startup/startup_mkv11z7.o  ./source/SmartHigh.o ./source/mtb.o ./source/semihost_hardfault.o  ./drivers/fsl_clock.o ./drivers/fsl_common.o ./drivers/fsl_ftm.o ./drivers/fsl_gpio.o ./drivers/fsl_uart.o  ./board/board.o ./board/clock_config.o ./board/peripherals.o ./board/pin_mux.o  ./CMSIS/system_MKV11Z7.o   
Memory region         Used Size  Region Size  %age Used
   PROGRAM_FLASH:       10784 B        64 KB     16.46%
            SRAM:        2460 B        16 KB     15.01%
Finished building target: SmartHigh.axf
 
make --no-print-directory post-build
Performing post-build steps
arm-none-eabi-size "SmartHigh.axf"; # arm-none-eabi-objcopy -v -O binary "SmartHigh.axf" "SmartHigh.bin" ; # checksum -p MKV11Z64xxx7 -d "SmartHigh.bin";
   text	   data	    bss	    dec	    hex	filename
  10712	     72	   2388	  13172	   3374	SmartHigh.axf
 
21:16:53 **** Incremental Build of configuration Debug for project SmartHigh ****
make -r -j4 all 
Building file: ../source/SmartHigh.c
Invoking: MCU C Compiler
arm-none-eabi-gcc -D__REDLIB__ -DSDK_OS_BAREMETAL -DFSL_RTOS_BM -DSDK_DEBUGCONSOLE=0 -DCR_INTEGER_PRINTF -DPRINTF_FLOAT_ENABLE=0 -DCPU_MKV11Z64VFM7 -DCPU_MKV11Z64VFM7_cm0plus -D__MCUXPRESSO -D__USE_CMSIS -DDEBUG -I../board -I../source -I../ -I../drivers -I../CMSIS -I../startup -O0 -fno-common -g3 -Wall -c -ffunction-sections -fdata-sections -ffreestanding -fno-builtin -mcpu=cortex-m0plus -mthumb -D__REDLIB__ -specs=redlib.specs -MMD -MP -MF"source/SmartHigh.d" -MT"source/SmartHigh.o" -MT"source/SmartHigh.d" -o "source/SmartHigh.o" "../source/SmartHigh.c"
../source/SmartHigh.c: In function 'main':
../source/SmartHigh.c:101:21: warning: passing argument 2 of 'FTM_SetupPwm' from incompatible pointer type [-Wincompatible-pointer-types]
  FTM_SetupPwm(FTM0, &ftmParams, 6U, kFTM_EdgeAlignedPwm, 2400U,
                     ^
In file included from ../source/SmartHigh.c:8:0:
../drivers/fsl_ftm.h:441:10: note: expected 'const ftm_chnl_pwm_signal_param_t * {aka const struct _ftm_chnl_pwm_signal_param *}' but argument is of type 'ftm_chnl_pwm_signal_param_t (*)[6] {aka struct _ftm_chnl_pwm_signal_param (*)[6]}'
 status_t FTM_SetupPwm(FTM_Type *base,
          ^~~~~~~~~~~~
../source/SmartHigh.c:103:21: warning: passing argument 2 of 'FTM_SetupPwm' from incompatible pointer type [-Wincompatible-pointer-types]
  FTM_SetupPwm(FTM1, &ftmParams, 2U, kFTM_EdgeAlignedPwm, 2400U,
                     ^
In file included from ../source/SmartHigh.c:8:0:
../drivers/fsl_ftm.h:441:10: note: expected 'const ftm_chnl_pwm_signal_param_t * {aka const struct _ftm_chnl_pwm_signal_param *}' but argument is of type 'ftm_chnl_pwm_signal_param_t (*)[6] {aka struct _ftm_chnl_pwm_signal_param (*)[6]}'
 status_t FTM_SetupPwm(FTM_Type *base,
          ^~~~~~~~~~~~
../source/SmartHigh.c:105:21: warning: passing argument 2 of 'FTM_SetupPwm' from incompatible pointer type [-Wincompatible-pointer-types]
  FTM_SetupPwm(FTM2, &ftmParams, 2U, kFTM_EdgeAlignedPwm, 2400U,
                     ^
In file included from ../source/SmartHigh.c:8:0:
../drivers/fsl_ftm.h:441:10: note: expected 'const ftm_chnl_pwm_signal_param_t * {aka const struct _ftm_chnl_pwm_signal_param *}' but argument is of type 'ftm_chnl_pwm_signal_param_t (*)[6] {aka struct _ftm_chnl_pwm_signal_param (*)[6]}'
 status_t FTM_SetupPwm(FTM_Type *base,
          ^~~~~~~~~~~~
../source/SmartHigh.c:107:21: warning: passing argument 2 of 'FTM_SetupPwm' from incompatible pointer type [-Wincompatible-pointer-types]
  FTM_SetupPwm(FTM4, &ftmParams, 2U, kFTM_EdgeAlignedPwm, 2400U,
                     ^
In file included from ../source/SmartHigh.c:8:0:
../drivers/fsl_ftm.h:441:10: note: expected 'const ftm_chnl_pwm_signal_param_t * {aka const struct _ftm_chnl_pwm_signal_param *}' but argument is of type 'ftm_chnl_pwm_signal_param_t (*)[6] {aka struct _ftm_chnl_pwm_signal_param (*)[6]}'
 status_t FTM_SetupPwm(FTM_Type *base,
          ^~~~~~~~~~~~
Finished building: ../source/SmartHigh.c
 
Building target: SmartHigh.axf
Invoking: MCU Linker
arm-none-eabi-gcc -nostdlib -Xlinker -Map="SmartHigh.map" -Xlinker --gc-sections -Xlinker -print-memory-usage -mcpu=cortex-m0plus -mthumb -T SmartHigh_Debug.ld -o "SmartHigh.axf"  ./startup/startup_mkv11z7.o  ./source/SmartHigh.o ./source/mtb.o ./source/semihost_hardfault.o  ./drivers/fsl_clock.o ./drivers/fsl_common.o ./drivers/fsl_ftm.o ./drivers/fsl_gpio.o ./drivers/fsl_uart.o  ./board/board.o ./board/clock_config.o ./board/peripherals.o ./board/pin_mux.o  ./CMSIS/system_MKV11Z7.o   
Memory region         Used Size  Region Size  %age Used
   PROGRAM_FLASH:       10600 B        64 KB     16.17%
            SRAM:        2400 B        16 KB     14.65%
Finished building target: SmartHigh.axf
 
make --no-print-directory post-build
Performing post-build steps
arm-none-eabi-size "SmartHigh.axf"; # arm-none-eabi-objcopy -v -O binary "SmartHigh.axf" "SmartHigh.bin" ; # checksum -p MKV11Z64xxx7 -d "SmartHigh.bin";
   text	   data	    bss	    dec	    hex	filename
  10588	     12	   2388	  12988	   32bc	SmartHigh.axf
 
21:19:31 **** Incremental Build of configuration Debug for project SmartHigh ****
make -r -j4 all 
Building file: ../source/SmartHigh.c
Invoking: MCU C Compiler
arm-none-eabi-gcc -D__REDLIB__ -DSDK_OS_BAREMETAL -DFSL_RTOS_BM -DSDK_DEBUGCONSOLE=0 -DCR_INTEGER_PRINTF -DPRINTF_FLOAT_ENABLE=0 -DCPU_MKV11Z64VFM7 -DCPU_MKV11Z64VFM7_cm0plus -D__MCUXPRESSO -D__USE_CMSIS -DDEBUG -I../board -I../source -I../ -I../drivers -I../CMSIS -I../startup -O0 -fno-common -g3 -Wall -c -ffunction-sections -fdata-sections -ffreestanding -fno-builtin -mcpu=cortex-m0plus -mthumb -D__REDLIB__ -specs=redlib.specs -MMD -MP -MF"source/SmartHigh.d" -MT"source/SmartHigh.o" -MT"source/SmartHigh.d" -o "source/SmartHigh.o" "../source/SmartHigh.c"
../source/SmartHigh.c: In function 'main':
../source/SmartHigh.c:101:21: warning: passing argument 2 of 'FTM_SetupPwm' from incompatible pointer type [-Wincompatible-pointer-types]
  FTM_SetupPwm(FTM0, &ftmParams, 6U, kFTM_EdgeAlignedPwm, 2400U,
                     ^
In file included from ../source/SmartHigh.c:8:0:
../drivers/fsl_ftm.h:441:10: note: expected 'const ftm_chnl_pwm_signal_param_t * {aka const struct _ftm_chnl_pwm_signal_param *}' but argument is of type 'ftm_chnl_pwm_signal_param_t (*)[6] {aka struct _ftm_chnl_pwm_signal_param (*)[6]}'
 status_t FTM_SetupPwm(FTM_Type *base,
          ^~~~~~~~~~~~
../source/SmartHigh.c:103:21: warning: passing argument 2 of 'FTM_SetupPwm' from incompatible pointer type [-Wincompatible-pointer-types]
  FTM_SetupPwm(FTM1, &ftmParams, 2U, kFTM_EdgeAlignedPwm, 2400U,
                     ^
In file included from ../source/SmartHigh.c:8:0:
../drivers/fsl_ftm.h:441:10: note: expected 'const ftm_chnl_pwm_signal_param_t * {aka const struct _ftm_chnl_pwm_signal_param *}' but argument is of type 'ftm_chnl_pwm_signal_param_t (*)[6] {aka struct _ftm_chnl_pwm_signal_param (*)[6]}'
 status_t FTM_SetupPwm(FTM_Type *base,
          ^~~~~~~~~~~~
../source/SmartHigh.c:105:21: warning: passing argument 2 of 'FTM_SetupPwm' from incompatible pointer type [-Wincompatible-pointer-types]
  FTM_SetupPwm(FTM2, &ftmParams, 2U, kFTM_EdgeAlignedPwm, 2400U,
                     ^
In file included from ../source/SmartHigh.c:8:0:
../drivers/fsl_ftm.h:441:10: note: expected 'const ftm_chnl_pwm_signal_param_t * {aka const struct _ftm_chnl_pwm_signal_param *}' but argument is of type 'ftm_chnl_pwm_signal_param_t (*)[6] {aka struct _ftm_chnl_pwm_signal_param (*)[6]}'
 status_t FTM_SetupPwm(FTM_Type *base,
          ^~~~~~~~~~~~
../source/SmartHigh.c:107:21: warning: passing argument 2 of 'FTM_SetupPwm' from incompatible pointer type [-Wincompatible-pointer-types]
  FTM_SetupPwm(FTM4, &ftmParams, 2U, kFTM_EdgeAlignedPwm, 2400U,
                     ^
In file included from ../source/SmartHigh.c:8:0:
../drivers/fsl_ftm.h:441:10: note: expected 'const ftm_chnl_pwm_signal_param_t * {aka const struct _ftm_chnl_pwm_signal_param *}' but argument is of type 'ftm_chnl_pwm_signal_param_t (*)[6] {aka struct _ftm_chnl_pwm_signal_param (*)[6]}'
 status_t FTM_SetupPwm(FTM_Type *base,
          ^~~~~~~~~~~~
Finished building: ../source/SmartHigh.c
 
Building target: SmartHigh.axf
Invoking: MCU Linker
arm-none-eabi-gcc -nostdlib -Xlinker -Map="SmartHigh.map" -Xlinker --gc-sections -Xlinker -print-memory-usage -mcpu=cortex-m0plus -mthumb -T SmartHigh_Debug.ld -o "SmartHigh.axf"  ./startup/startup_mkv11z7.o  ./source/SmartHigh.o ./source/mtb.o ./source/semihost_hardfault.o  ./drivers/fsl_clock.o ./drivers/fsl_common.o ./drivers/fsl_ftm.o ./drivers/fsl_gpio.o ./drivers/fsl_uart.o  ./board/board.o ./board/clock_config.o ./board/peripherals.o ./board/pin_mux.o  ./CMSIS/system_MKV11Z7.o   
Memory region         Used Size  Region Size  %age Used
   PROGRAM_FLASH:       10784 B        64 KB     16.46%
            SRAM:        2460 B        16 KB     15.01%
Finished building target: SmartHigh.axf
 
make --no-print-directory post-build
Performing post-build steps
arm-none-eabi-size "SmartHigh.axf"; # arm-none-eabi-objcopy -v -O binary "SmartHigh.axf" "SmartHigh.bin" ; # checksum -p MKV11Z64xxx7 -d "SmartHigh.bin";
   text	   data	    bss	    dec	    hex	filename
  10712	     72	   2388	  13172	   3374	SmartHigh.axf
 
21:20:17 **** Incremental Build of configuration Debug for project SmartHigh ****
make -r -j4 all 
make: Nothing to be done for `all'.
21:22:04 **** Incremental Build of configuration Debug for project SmartHigh ****
make -r -j4 all 
Building file: ../source/SmartHigh.c
Invoking: MCU C Compiler
arm-none-eabi-gcc -D__REDLIB__ -DSDK_OS_BAREMETAL -DFSL_RTOS_BM -DSDK_DEBUGCONSOLE=0 -DCR_INTEGER_PRINTF -DPRINTF_FLOAT_ENABLE=0 -DCPU_MKV11Z64VFM7 -DCPU_MKV11Z64VFM7_cm0plus -D__MCUXPRESSO -D__USE_CMSIS -DDEBUG -I../board -I../source -I../ -I../drivers -I../CMSIS -I../startup -O0 -fno-common -g3 -Wall -c -ffunction-sections -fdata-sections -ffreestanding -fno-builtin -mcpu=cortex-m0plus -mthumb -D__REDLIB__ -specs=redlib.specs -MMD -MP -MF"source/SmartHigh.d" -MT"source/SmartHigh.o" -MT"source/SmartHigh.d" -o "source/SmartHigh.o" "../source/SmartHigh.c"
../source/SmartHigh.c: In function 'main':
../source/SmartHigh.c:102:21: warning: passing argument 2 of 'FTM_SetupPwm' from incompatible pointer type [-Wincompatible-pointer-types]
  FTM_SetupPwm(FTM0, &ftmParams, 6U, kFTM_EdgeAlignedPwm, 2400U,
                     ^
In file included from ../source/SmartHigh.c:8:0:
../drivers/fsl_ftm.h:441:10: note: expected 'const ftm_chnl_pwm_signal_param_t * {aka const struct _ftm_chnl_pwm_signal_param *}' but argument is of type 'ftm_chnl_pwm_signal_param_t (*)[6] {aka struct _ftm_chnl_pwm_signal_param (*)[6]}'
 status_t FTM_SetupPwm(FTM_Type *base,
          ^~~~~~~~~~~~
../source/SmartHigh.c:104:21: warning: passing argument 2 of 'FTM_SetupPwm' from incompatible pointer type [-Wincompatible-pointer-types]
  FTM_SetupPwm(FTM1, &ftmParams, 2U, kFTM_EdgeAlignedPwm, 2400U,
                     ^
In file included from ../source/SmartHigh.c:8:0:
../drivers/fsl_ftm.h:441:10: note: expected 'const ftm_chnl_pwm_signal_param_t * {aka const struct _ftm_chnl_pwm_signal_param *}' but argument is of type 'ftm_chnl_pwm_signal_param_t (*)[6] {aka struct _ftm_chnl_pwm_signal_param (*)[6]}'
 status_t FTM_SetupPwm(FTM_Type *base,
          ^~~~~~~~~~~~
../source/SmartHigh.c:106:21: warning: passing argument 2 of 'FTM_SetupPwm' from incompatible pointer type [-Wincompatible-pointer-types]
  FTM_SetupPwm(FTM2, &ftmParams, 2U, kFTM_EdgeAlignedPwm, 2400U,
                     ^
In file included from ../source/SmartHigh.c:8:0:
../drivers/fsl_ftm.h:441:10: note: expected 'const ftm_chnl_pwm_signal_param_t * {aka const struct _ftm_chnl_pwm_signal_param *}' but argument is of type 'ftm_chnl_pwm_signal_param_t (*)[6] {aka struct _ftm_chnl_pwm_signal_param (*)[6]}'
 status_t FTM_SetupPwm(FTM_Type *base,
          ^~~~~~~~~~~~
../source/SmartHigh.c:108:21: warning: passing argument 2 of 'FTM_SetupPwm' from incompatible pointer type [-Wincompatible-pointer-types]
  FTM_SetupPwm(FTM4, &ftmParams, 2U, kFTM_EdgeAlignedPwm, 2400U,
                     ^
In file included from ../source/SmartHigh.c:8:0:
../drivers/fsl_ftm.h:441:10: note: expected 'const ftm_chnl_pwm_signal_param_t * {aka const struct _ftm_chnl_pwm_signal_param *}' but argument is of type 'ftm_chnl_pwm_signal_param_t (*)[6] {aka struct _ftm_chnl_pwm_signal_param (*)[6]}'
 status_t FTM_SetupPwm(FTM_Type *base,
          ^~~~~~~~~~~~
Finished building: ../source/SmartHigh.c
 
Building target: SmartHigh.axf
Invoking: MCU Linker
arm-none-eabi-gcc -nostdlib -Xlinker -Map="SmartHigh.map" -Xlinker --gc-sections -Xlinker -print-memory-usage -mcpu=cortex-m0plus -mthumb -T SmartHigh_Debug.ld -o "SmartHigh.axf"  ./startup/startup_mkv11z7.o  ./source/SmartHigh.o ./source/mtb.o ./source/semihost_hardfault.o  ./drivers/fsl_clock.o ./drivers/fsl_common.o ./drivers/fsl_ftm.o ./drivers/fsl_gpio.o ./drivers/fsl_uart.o  ./board/board.o ./board/clock_config.o ./board/peripherals.o ./board/pin_mux.o  ./CMSIS/system_MKV11Z7.o   
Memory region         Used Size  Region Size  %age Used
   PROGRAM_FLASH:       10788 B        64 KB     16.46%
            SRAM:        2460 B        16 KB     15.01%
Finished building target: SmartHigh.axf
 
make --no-print-directory post-build
Performing post-build steps
arm-none-eabi-size "SmartHigh.axf"; # arm-none-eabi-objcopy -v -O binary "SmartHigh.axf" "SmartHigh.bin" ; # checksum -p MKV11Z64xxx7 -d "SmartHigh.bin";
   text	   data	    bss	    dec	    hex	filename
  10716	     72	   2388	  13176	   3378	SmartHigh.axf
 
21:22:34 **** Incremental Build of configuration Debug for project SmartHigh ****
make -r -j4 all 
make: Nothing to be done for `all'.
21:24:38 **** Incremental Build of configuration Debug for project SmartHigh ****
make -r -j4 all 
make: Nothing to be done for `all'.
21:28:53 **** Incremental Build of configuration Debug for project SmartHigh ****
make -r -j4 all 
Building file: ../source/SmartHigh.c
Invoking: MCU C Compiler
arm-none-eabi-gcc -D__REDLIB__ -DSDK_OS_BAREMETAL -DFSL_RTOS_BM -DSDK_DEBUGCONSOLE=0 -DCR_INTEGER_PRINTF -DPRINTF_FLOAT_ENABLE=0 -DCPU_MKV11Z64VFM7 -DCPU_MKV11Z64VFM7_cm0plus -D__MCUXPRESSO -D__USE_CMSIS -DDEBUG -I../board -I../source -I../ -I../drivers -I../CMSIS -I../startup -O0 -fno-common -g3 -Wall -c -ffunction-sections -fdata-sections -ffreestanding -fno-builtin -mcpu=cortex-m0plus -mthumb -D__REDLIB__ -specs=redlib.specs -MMD -MP -MF"source/SmartHigh.d" -MT"source/SmartHigh.o" -MT"source/SmartHigh.d" -o "source/SmartHigh.o" "../source/SmartHigh.c"
../source/SmartHigh.c: In function 'main':
../source/SmartHigh.c:102:21: warning: passing argument 2 of 'FTM_SetupPwm' from incompatible pointer type [-Wincompatible-pointer-types]
  FTM_SetupPwm(FTM0, &ftmParams, 6U, kFTM_EdgeAlignedPwm, 2400U,
                     ^
In file included from ../source/SmartHigh.c:8:0:
../drivers/fsl_ftm.h:441:10: note: expected 'const ftm_chnl_pwm_signal_param_t * {aka const struct _ftm_chnl_pwm_signal_param *}' but argument is of type 'ftm_chnl_pwm_signal_param_t (*)[6] {aka struct _ftm_chnl_pwm_signal_param (*)[6]}'
 status_t FTM_SetupPwm(FTM_Type *base,
          ^~~~~~~~~~~~
../source/SmartHigh.c:104:21: warning: passing argument 2 of 'FTM_SetupPwm' from incompatible pointer type [-Wincompatible-pointer-types]
  FTM_SetupPwm(FTM1, &ftmParams, 2U, kFTM_EdgeAlignedPwm, 2400U,
                     ^
In file included from ../source/SmartHigh.c:8:0:
../drivers/fsl_ftm.h:441:10: note: expected 'const ftm_chnl_pwm_signal_param_t * {aka const struct _ftm_chnl_pwm_signal_param *}' but argument is of type 'ftm_chnl_pwm_signal_param_t (*)[6] {aka struct _ftm_chnl_pwm_signal_param (*)[6]}'
 status_t FTM_SetupPwm(FTM_Type *base,
          ^~~~~~~~~~~~
../source/SmartHigh.c:106:21: warning: passing argument 2 of 'FTM_SetupPwm' from incompatible pointer type [-Wincompatible-pointer-types]
  FTM_SetupPwm(FTM2, &ftmParams, 2U, kFTM_EdgeAlignedPwm, 2400U,
                     ^
In file included from ../source/SmartHigh.c:8:0:
../drivers/fsl_ftm.h:441:10: note: expected 'const ftm_chnl_pwm_signal_param_t * {aka const struct _ftm_chnl_pwm_signal_param *}' but argument is of type 'ftm_chnl_pwm_signal_param_t (*)[6] {aka struct _ftm_chnl_pwm_signal_param (*)[6]}'
 status_t FTM_SetupPwm(FTM_Type *base,
          ^~~~~~~~~~~~
../source/SmartHigh.c:108:21: warning: passing argument 2 of 'FTM_SetupPwm' from incompatible pointer type [-Wincompatible-pointer-types]
  FTM_SetupPwm(FTM4, &ftmParams, 2U, kFTM_EdgeAlignedPwm, 2400U,
                     ^
In file included from ../source/SmartHigh.c:8:0:
../drivers/fsl_ftm.h:441:10: note: expected 'const ftm_chnl_pwm_signal_param_t * {aka const struct _ftm_chnl_pwm_signal_param *}' but argument is of type 'ftm_chnl_pwm_signal_param_t (*)[6] {aka struct _ftm_chnl_pwm_signal_param (*)[6]}'
 status_t FTM_SetupPwm(FTM_Type *base,
          ^~~~~~~~~~~~
Finished building: ../source/SmartHigh.c
 
Building target: SmartHigh.axf
Invoking: MCU Linker
arm-none-eabi-gcc -nostdlib -Xlinker -Map="SmartHigh.map" -Xlinker --gc-sections -Xlinker -print-memory-usage -mcpu=cortex-m0plus -mthumb -T SmartHigh_Debug.ld -o "SmartHigh.axf"  ./startup/startup_mkv11z7.o  ./source/SmartHigh.o ./source/mtb.o ./source/semihost_hardfault.o  ./drivers/fsl_clock.o ./drivers/fsl_common.o ./drivers/fsl_ftm.o ./drivers/fsl_gpio.o ./drivers/fsl_uart.o  ./board/board.o ./board/clock_config.o ./board/peripherals.o ./board/pin_mux.o  ./CMSIS/system_MKV11Z7.o   
Memory region         Used Size  Region Size  %age Used
   PROGRAM_FLASH:       10788 B        64 KB     16.46%
            SRAM:        2460 B        16 KB     15.01%
Finished building target: SmartHigh.axf
 
make --no-print-directory post-build
Performing post-build steps
arm-none-eabi-size "SmartHigh.axf"; # arm-none-eabi-objcopy -v -O binary "SmartHigh.axf" "SmartHigh.bin" ; # checksum -p MKV11Z64xxx7 -d "SmartHigh.bin";
   text	   data	    bss	    dec	    hex	filename
  10716	     72	   2388	  13176	   3378	SmartHigh.axf
 
21:31:18 **** Incremental Build of configuration Debug for project SmartHigh ****
make -r -j4 all 
make: Nothing to be done for `all'.
21:33:47 **** Incremental Build of configuration Debug for project SmartHigh ****
make -r -j4 all 
Building file: ../source/SmartHigh.c
Invoking: MCU C Compiler
arm-none-eabi-gcc -D__REDLIB__ -DSDK_OS_BAREMETAL -DFSL_RTOS_BM -DSDK_DEBUGCONSOLE=0 -DCR_INTEGER_PRINTF -DPRINTF_FLOAT_ENABLE=0 -DCPU_MKV11Z64VFM7 -DCPU_MKV11Z64VFM7_cm0plus -D__MCUXPRESSO -D__USE_CMSIS -DDEBUG -I../board -I../source -I../ -I../drivers -I../CMSIS -I../startup -O0 -fno-common -g3 -Wall -c -ffunction-sections -fdata-sections -ffreestanding -fno-builtin -mcpu=cortex-m0plus -mthumb -D__REDLIB__ -specs=redlib.specs -MMD -MP -MF"source/SmartHigh.d" -MT"source/SmartHigh.o" -MT"source/SmartHigh.d" -o "source/SmartHigh.o" "../source/SmartHigh.c"
../source/SmartHigh.c: In function 'setPwm':
../source/SmartHigh.c:62:45: error: invalid type argument of '->' (have 'struct <anonymous>')
  dimFtms[channel]->CONTROLS[dimChs[channel]]->CnV = val;
                                             ^~
../source/SmartHigh.c: In function 'main':
../source/SmartHigh.c:102:21: warning: passing argument 2 of 'FTM_SetupPwm' from incompatible pointer type [-Wincompatible-pointer-types]
  FTM_SetupPwm(FTM0, &ftmParams, 6U, kFTM_EdgeAlignedPwm, 2400U,
                     ^
In file included from ../source/SmartHigh.c:8:0:
../drivers/fsl_ftm.h:441:10: note: expected 'const ftm_chnl_pwm_signal_param_t * {aka const struct _ftm_chnl_pwm_signal_param *}' but argument is of type 'ftm_chnl_pwm_signal_param_t (*)[6] {aka struct _ftm_chnl_pwm_signal_param (*)[6]}'
 status_t FTM_SetupPwm(FTM_Type *base,
          ^~~~~~~~~~~~
../source/SmartHigh.c:104:21: warning: passing argument 2 of 'FTM_SetupPwm' from incompatible pointer type [-Wincompatible-pointer-types]
  FTM_SetupPwm(FTM1, &ftmParams, 2U, kFTM_EdgeAlignedPwm, 2400U,
                     ^
In file included from ../source/SmartHigh.c:8:0:
../drivers/fsl_ftm.h:441:10: note: expected 'const ftm_chnl_pwm_signal_param_t * {aka const struct _ftm_chnl_pwm_signal_param *}' but argument is of type 'ftm_chnl_pwm_signal_param_t (*)[6] {aka struct _ftm_chnl_pwm_signal_param (*)[6]}'
 status_t FTM_SetupPwm(FTM_Type *base,
          ^~~~~~~~~~~~
../source/SmartHigh.c:106:21: warning: passing argument 2 of 'FTM_SetupPwm' from incompatible pointer type [-Wincompatible-pointer-types]
  FTM_SetupPwm(FTM2, &ftmParams, 2U, kFTM_EdgeAlignedPwm, 2400U,
                     ^
In file included from ../source/SmartHigh.c:8:0:
../drivers/fsl_ftm.h:441:10: note: expected 'const ftm_chnl_pwm_signal_param_t * {aka const struct _ftm_chnl_pwm_signal_param *}' but argument is of type 'ftm_chnl_pwm_signal_param_t (*)[6] {aka struct _ftm_chnl_pwm_signal_param (*)[6]}'
 status_t FTM_SetupPwm(FTM_Type *base,
          ^~~~~~~~~~~~
../source/SmartHigh.c:108:21: warning: passing argument 2 of 'FTM_SetupPwm' from incompatible pointer type [-Wincompatible-pointer-types]
  FTM_SetupPwm(FTM4, &ftmParams, 2U, kFTM_EdgeAlignedPwm, 2400U,
                     ^
In file included from ../source/SmartHigh.c:8:0:
../drivers/fsl_ftm.h:441:10: note: expected 'const ftm_chnl_pwm_signal_param_t * {aka const struct _ftm_chnl_pwm_signal_param *}' but argument is of type 'ftm_chnl_pwm_signal_param_t (*)[6] {aka struct _ftm_chnl_pwm_signal_param (*)[6]}'
 status_t FTM_SetupPwm(FTM_Type *base,
          ^~~~~~~~~~~~
make: *** [source/SmartHigh.o] Error 1
21:35:18 **** Incremental Build of configuration Debug for project SmartHigh ****
make -r -j4 all 
Building file: ../source/SmartHigh.c
Invoking: MCU C Compiler
arm-none-eabi-gcc -D__REDLIB__ -DSDK_OS_BAREMETAL -DFSL_RTOS_BM -DSDK_DEBUGCONSOLE=0 -DCR_INTEGER_PRINTF -DPRINTF_FLOAT_ENABLE=0 -DCPU_MKV11Z64VFM7 -DCPU_MKV11Z64VFM7_cm0plus -D__MCUXPRESSO -D__USE_CMSIS -DDEBUG -I../board -I../source -I../ -I../drivers -I../CMSIS -I../startup -O0 -fno-common -g3 -Wall -c -ffunction-sections -fdata-sections -ffreestanding -fno-builtin -mcpu=cortex-m0plus -mthumb -D__REDLIB__ -specs=redlib.specs -MMD -MP -MF"source/SmartHigh.d" -MT"source/SmartHigh.o" -MT"source/SmartHigh.d" -o "source/SmartHigh.o" "../source/SmartHigh.c"
../source/SmartHigh.c: In function 'main':
../source/SmartHigh.c:102:21: warning: passing argument 2 of 'FTM_SetupPwm' from incompatible pointer type [-Wincompatible-pointer-types]
  FTM_SetupPwm(FTM0, &ftmParams, 6U, kFTM_EdgeAlignedPwm, 2400U,
                     ^
In file included from ../source/SmartHigh.c:8:0:
../drivers/fsl_ftm.h:441:10: note: expected 'const ftm_chnl_pwm_signal_param_t * {aka const struct _ftm_chnl_pwm_signal_param *}' but argument is of type 'ftm_chnl_pwm_signal_param_t (*)[6] {aka struct _ftm_chnl_pwm_signal_param (*)[6]}'
 status_t FTM_SetupPwm(FTM_Type *base,
          ^~~~~~~~~~~~
../source/SmartHigh.c:104:21: warning: passing argument 2 of 'FTM_SetupPwm' from incompatible pointer type [-Wincompatible-pointer-types]
  FTM_SetupPwm(FTM1, &ftmParams, 2U, kFTM_EdgeAlignedPwm, 2400U,
                     ^
In file included from ../source/SmartHigh.c:8:0:
../drivers/fsl_ftm.h:441:10: note: expected 'const ftm_chnl_pwm_signal_param_t * {aka const struct _ftm_chnl_pwm_signal_param *}' but argument is of type 'ftm_chnl_pwm_signal_param_t (*)[6] {aka struct _ftm_chnl_pwm_signal_param (*)[6]}'
 status_t FTM_SetupPwm(FTM_Type *base,
          ^~~~~~~~~~~~
../source/SmartHigh.c:106:21: warning: passing argument 2 of 'FTM_SetupPwm' from incompatible pointer type [-Wincompatible-pointer-types]
  FTM_SetupPwm(FTM2, &ftmParams, 2U, kFTM_EdgeAlignedPwm, 2400U,
                     ^
In file included from ../source/SmartHigh.c:8:0:
../drivers/fsl_ftm.h:441:10: note: expected 'const ftm_chnl_pwm_signal_param_t * {aka const struct _ftm_chnl_pwm_signal_param *}' but argument is of type 'ftm_chnl_pwm_signal_param_t (*)[6] {aka struct _ftm_chnl_pwm_signal_param (*)[6]}'
 status_t FTM_SetupPwm(FTM_Type *base,
          ^~~~~~~~~~~~
../source/SmartHigh.c:108:21: warning: passing argument 2 of 'FTM_SetupPwm' from incompatible pointer type [-Wincompatible-pointer-types]
  FTM_SetupPwm(FTM4, &ftmParams, 2U, kFTM_EdgeAlignedPwm, 2400U,
                     ^
In file included from ../source/SmartHigh.c:8:0:
../drivers/fsl_ftm.h:441:10: note: expected 'const ftm_chnl_pwm_signal_param_t * {aka const struct _ftm_chnl_pwm_signal_param *}' but argument is of type 'ftm_chnl_pwm_signal_param_t (*)[6] {aka struct _ftm_chnl_pwm_signal_param (*)[6]}'
 status_t FTM_SetupPwm(FTM_Type *base,
          ^~~~~~~~~~~~
Finished building: ../source/SmartHigh.c
 
Building target: SmartHigh.axf
Invoking: MCU Linker
arm-none-eabi-gcc -nostdlib -Xlinker -Map="SmartHigh.map" -Xlinker --gc-sections -Xlinker -print-memory-usage -mcpu=cortex-m0plus -mthumb -T SmartHigh_Debug.ld -o "SmartHigh.axf"  ./startup/startup_mkv11z7.o  ./source/SmartHigh.o ./source/mtb.o ./source/semihost_hardfault.o  ./drivers/fsl_clock.o ./drivers/fsl_common.o ./drivers/fsl_ftm.o ./drivers/fsl_gpio.o ./drivers/fsl_uart.o  ./board/board.o ./board/clock_config.o ./board/peripherals.o ./board/pin_mux.o  ./CMSIS/system_MKV11Z7.o   
Memory region         Used Size  Region Size  %age Used
   PROGRAM_FLASH:       10788 B        64 KB     16.46%
            SRAM:        2460 B        16 KB     15.01%
Finished building target: SmartHigh.axf
 
make --no-print-directory post-build
Performing post-build steps
arm-none-eabi-size "SmartHigh.axf"; # arm-none-eabi-objcopy -v -O binary "SmartHigh.axf" "SmartHigh.bin" ; # checksum -p MKV11Z64xxx7 -d "SmartHigh.bin";
   text	   data	    bss	    dec	    hex	filename
  10716	     72	   2388	  13176	   3378	SmartHigh.axf
 
21:41:07 **** Incremental Build of configuration Debug for project SmartHigh ****
make -r -j4 all 
Building file: ../source/SmartHigh.c
Invoking: MCU C Compiler
arm-none-eabi-gcc -D__REDLIB__ -DSDK_OS_BAREMETAL -DFSL_RTOS_BM -DSDK_DEBUGCONSOLE=0 -DCR_INTEGER_PRINTF -DPRINTF_FLOAT_ENABLE=0 -DCPU_MKV11Z64VFM7 -DCPU_MKV11Z64VFM7_cm0plus -D__MCUXPRESSO -D__USE_CMSIS -DDEBUG -I../board -I../source -I../ -I../drivers -I../CMSIS -I../startup -O0 -fno-common -g3 -Wall -c -ffunction-sections -fdata-sections -ffreestanding -fno-builtin -mcpu=cortex-m0plus -mthumb -D__REDLIB__ -specs=redlib.specs -MMD -MP -MF"source/SmartHigh.d" -MT"source/SmartHigh.o" -MT"source/SmartHigh.d" -o "source/SmartHigh.o" "../source/SmartHigh.c"
../source/SmartHigh.c: In function 'setPwm':
../source/SmartHigh.c:60:17: error: invalid initializer
  FTM_Type ftm = dimFtms[channel];
                 ^~~~~~~
../source/SmartHigh.c:61:17: error: incompatible types when initializing type 'int *' using type 'struct <anonymous>'
  int *control = dimFtms[channel]->CONTROLS[dimChs[channel]];
                 ^~~~~~~
../source/SmartHigh.c:64:9: error: request for member 'CnV' in something not a structure or union
  control.CnV = val;
         ^
../source/SmartHigh.c:61:7: warning: variable 'control' set but not used [-Wunused-but-set-variable]
  int *control = dimFtms[channel]->CONTROLS[dimChs[channel]];
       ^~~~~~~
../source/SmartHigh.c:60:11: warning: unused variable 'ftm' [-Wunused-variable]
  FTM_Type ftm = dimFtms[channel];
           ^~~
../source/SmartHigh.c: In function 'main':
../source/SmartHigh.c:104:21: warning: passing argument 2 of 'FTM_SetupPwm' from incompatible pointer type [-Wincompatible-pointer-types]
  FTM_SetupPwm(FTM0, &ftmParams, 6U, kFTM_EdgeAlignedPwm, 2400U,
                     ^
In file included from ../source/SmartHigh.c:8:0:
../drivers/fsl_ftm.h:441:10: note: expected 'const ftm_chnl_pwm_signal_param_t * {aka const struct _ftm_chnl_pwm_signal_param *}' but argument is of type 'ftm_chnl_pwm_signal_param_t (*)[6] {aka struct _ftm_chnl_pwm_signal_param (*)[6]}'
 status_t FTM_SetupPwm(FTM_Type *base,
          ^~~~~~~~~~~~
../source/SmartHigh.c:106:21: warning: passing argument 2 of 'FTM_SetupPwm' from incompatible pointer type [-Wincompatible-pointer-types]
  FTM_SetupPwm(FTM1, &ftmParams, 2U, kFTM_EdgeAlignedPwm, 2400U,
                     ^
In file included from ../source/SmartHigh.c:8:0:
../drivers/fsl_ftm.h:441:10: note: expected 'const ftm_chnl_pwm_signal_param_t * {aka const struct _ftm_chnl_pwm_signal_param *}' but argument is of type 'ftm_chnl_pwm_signal_param_t (*)[6] {aka struct _ftm_chnl_pwm_signal_param (*)[6]}'
 status_t FTM_SetupPwm(FTM_Type *base,
          ^~~~~~~~~~~~
../source/SmartHigh.c:108:21: warning: passing argument 2 of 'FTM_SetupPwm' from incompatible pointer type [-Wincompatible-pointer-types]
  FTM_SetupPwm(FTM2, &ftmParams, 2U, kFTM_EdgeAlignedPwm, 2400U,
                     ^
In file included from ../source/SmartHigh.c:8:0:
../drivers/fsl_ftm.h:441:10: note: expected 'const ftm_chnl_pwm_signal_param_t * {aka const struct _ftm_chnl_pwm_signal_param *}' but argument is of type 'ftm_chnl_pwm_signal_param_t (*)[6] {aka struct _ftm_chnl_pwm_signal_param (*)[6]}'
 status_t FTM_SetupPwm(FTM_Type *base,
          ^~~~~~~~~~~~
../source/SmartHigh.c:110:21: warning: passing argument 2 of 'FTM_SetupPwm' from incompatible pointer type [-Wincompatible-pointer-types]
  FTM_SetupPwm(FTM4, &ftmParams, 2U, kFTM_EdgeAlignedPwm, 2400U,
                     ^
In file included from ../source/SmartHigh.c:8:0:
../drivers/fsl_ftm.h:441:10: note: expected 'const ftm_chnl_pwm_signal_param_t * {aka const struct _ftm_chnl_pwm_signal_param *}' but argument is of type 'ftm_chnl_pwm_signal_param_t (*)[6] {aka struct _ftm_chnl_pwm_signal_param (*)[6]}'
 status_t FTM_SetupPwm(FTM_Type *base,
          ^~~~~~~~~~~~
make: *** [source/SmartHigh.o] Error 1
21:41:10 **** Incremental Build of configuration Debug for project SmartStripv2 ****
make -r -j4 all 
make: Nothing to be done for `all'.
21:41:53 **** Incremental Build of configuration Debug for project SmartHigh ****
make -r -j4 all 
Building file: ../source/SmartHigh.c
Invoking: MCU C Compiler
arm-none-eabi-gcc -D__REDLIB__ -DSDK_OS_BAREMETAL -DFSL_RTOS_BM -DSDK_DEBUGCONSOLE=0 -DCR_INTEGER_PRINTF -DPRINTF_FLOAT_ENABLE=0 -DCPU_MKV11Z64VFM7 -DCPU_MKV11Z64VFM7_cm0plus -D__MCUXPRESSO -D__USE_CMSIS -DDEBUG -I../board -I../source -I../ -I../drivers -I../CMSIS -I../startup -O0 -fno-common -g3 -Wall -c -ffunction-sections -fdata-sections -ffreestanding -fno-builtin -mcpu=cortex-m0plus -mthumb -D__REDLIB__ -specs=redlib.specs -MMD -MP -MF"source/SmartHigh.d" -MT"source/SmartHigh.o" -MT"source/SmartHigh.d" -o "source/SmartHigh.o" "../source/SmartHigh.c"
../source/SmartHigh.c: In function 'setPwm':
../source/SmartHigh.c:60:17: error: invalid initializer
  FTM_Type ftm = dimFtms[channel];
                 ^~~~~~~
../source/SmartHigh.c:61:18: error: incompatible types when initializing type 'void *' using type 'struct <anonymous>'
  void *control = dimFtms[channel]->CONTROLS[dimChs[channel]];
                  ^~~~~~~
../source/SmartHigh.c:64:9: error: request for member 'CnV' in something not a structure or union
  control.CnV = val;
         ^
../source/SmartHigh.c:61:8: warning: variable 'control' set but not used [-Wunused-but-set-variable]
  void *control = dimFtms[channel]->CONTROLS[dimChs[channel]];
        ^~~~~~~
../source/SmartHigh.c:60:11: warning: unused variable 'ftm' [-Wunused-variable]
  FTM_Type ftm = dimFtms[channel];
           ^~~
../source/SmartHigh.c: In function 'main':
../source/SmartHigh.c:104:21: warning: passing argument 2 of 'FTM_SetupPwm' from incompatible pointer type [-Wincompatible-pointer-types]
  FTM_SetupPwm(FTM0, &ftmParams, 6U, kFTM_EdgeAlignedPwm, 2400U,
                     ^
In file included from ../source/SmartHigh.c:8:0:
../drivers/fsl_ftm.h:441:10: note: expected 'const ftm_chnl_pwm_signal_param_t * {aka const struct _ftm_chnl_pwm_signal_param *}' but argument is of type 'ftm_chnl_pwm_signal_param_t (*)[6] {aka struct _ftm_chnl_pwm_signal_param (*)[6]}'
 status_t FTM_SetupPwm(FTM_Type *base,
          ^~~~~~~~~~~~
../source/SmartHigh.c:106:21: warning: passing argument 2 of 'FTM_SetupPwm' from incompatible pointer type [-Wincompatible-pointer-types]
  FTM_SetupPwm(FTM1, &ftmParams, 2U, kFTM_EdgeAlignedPwm, 2400U,
                     ^
In file included from ../source/SmartHigh.c:8:0:
../drivers/fsl_ftm.h:441:10: note: expected 'const ftm_chnl_pwm_signal_param_t * {aka const struct _ftm_chnl_pwm_signal_param *}' but argument is of type 'ftm_chnl_pwm_signal_param_t (*)[6] {aka struct _ftm_chnl_pwm_signal_param (*)[6]}'
 status_t FTM_SetupPwm(FTM_Type *base,
          ^~~~~~~~~~~~
../source/SmartHigh.c:108:21: warning: passing argument 2 of 'FTM_SetupPwm' from incompatible pointer type [-Wincompatible-pointer-types]
  FTM_SetupPwm(FTM2, &ftmParams, 2U, kFTM_EdgeAlignedPwm, 2400U,
                     ^
In file included from ../source/SmartHigh.c:8:0:
../drivers/fsl_ftm.h:441:10: note: expected 'const ftm_chnl_pwm_signal_param_t * {aka const struct _ftm_chnl_pwm_signal_param *}' but argument is of type 'ftm_chnl_pwm_signal_param_t (*)[6] {aka struct _ftm_chnl_pwm_signal_param (*)[6]}'
 status_t FTM_SetupPwm(FTM_Type *base,
          ^~~~~~~~~~~~
../source/SmartHigh.c:110:21: warning: passing argument 2 of 'FTM_SetupPwm' from incompatible pointer type [-Wincompatible-pointer-types]
  FTM_SetupPwm(FTM4, &ftmParams, 2U, kFTM_EdgeAlignedPwm, 2400U,
                     ^
In file included from ../source/SmartHigh.c:8:0:
../drivers/fsl_ftm.h:441:10: note: expected 'const ftm_chnl_pwm_signal_param_t * {aka const struct _ftm_chnl_pwm_signal_param *}' but argument is of type 'ftm_chnl_pwm_signal_param_t (*)[6] {aka struct _ftm_chnl_pwm_signal_param (*)[6]}'
 status_t FTM_SetupPwm(FTM_Type *base,
          ^~~~~~~~~~~~
make: *** [source/SmartHigh.o] Error 1
21:41:55 **** Incremental Build of configuration Debug for project SmartStripv2 ****
make -r -j4 all 
make: Nothing to be done for `all'.
21:42:29 **** Incremental Build of configuration Debug for project SmartHigh ****
make -r -j4 all 
Building file: ../source/SmartHigh.c
Invoking: MCU C Compiler
arm-none-eabi-gcc -D__REDLIB__ -DSDK_OS_BAREMETAL -DFSL_RTOS_BM -DSDK_DEBUGCONSOLE=0 -DCR_INTEGER_PRINTF -DPRINTF_FLOAT_ENABLE=0 -DCPU_MKV11Z64VFM7 -DCPU_MKV11Z64VFM7_cm0plus -D__MCUXPRESSO -D__USE_CMSIS -DDEBUG -I../board -I../source -I../ -I../drivers -I../CMSIS -I../startup -O0 -fno-common -g3 -Wall -c -ffunction-sections -fdata-sections -ffreestanding -fno-builtin -mcpu=cortex-m0plus -mthumb -D__REDLIB__ -specs=redlib.specs -MMD -MP -MF"source/SmartHigh.d" -MT"source/SmartHigh.o" -MT"source/SmartHigh.d" -o "source/SmartHigh.o" "../source/SmartHigh.c"
../source/SmartHigh.c: In function 'setPwm':
../source/SmartHigh.c:61:18: error: incompatible types when initializing type 'void *' using type 'struct <anonymous>'
  void *control = dimFtms[channel]->CONTROLS[dimChs[channel]];
                  ^~~~~~~
../source/SmartHigh.c:64:9: error: request for member 'CnV' in something not a structure or union
  control.CnV = val;
         ^
../source/SmartHigh.c:61:8: warning: variable 'control' set but not used [-Wunused-but-set-variable]
  void *control = dimFtms[channel]->CONTROLS[dimChs[channel]];
        ^~~~~~~
../source/SmartHigh.c:60:12: warning: unused variable 'ftm' [-Wunused-variable]
  FTM_Type *ftm = dimFtms[channel];
            ^~~
../source/SmartHigh.c: In function 'main':
../source/SmartHigh.c:104:21: warning: passing argument 2 of 'FTM_SetupPwm' from incompatible pointer type [-Wincompatible-pointer-types]
  FTM_SetupPwm(FTM0, &ftmParams, 6U, kFTM_EdgeAlignedPwm, 2400U,
                     ^
In file included from ../source/SmartHigh.c:8:0:
../drivers/fsl_ftm.h:441:10: note: expected 'const ftm_chnl_pwm_signal_param_t * {aka const struct _ftm_chnl_pwm_signal_param *}' but argument is of type 'ftm_chnl_pwm_signal_param_t (*)[6] {aka struct _ftm_chnl_pwm_signal_param (*)[6]}'
 status_t FTM_SetupPwm(FTM_Type *base,
          ^~~~~~~~~~~~
../source/SmartHigh.c:106:21: warning: passing argument 2 of 'FTM_SetupPwm' from incompatible pointer type [-Wincompatible-pointer-types]
  FTM_SetupPwm(FTM1, &ftmParams, 2U, kFTM_EdgeAlignedPwm, 2400U,
                     ^
In file included from ../source/SmartHigh.c:8:0:
../drivers/fsl_ftm.h:441:10: note: expected 'const ftm_chnl_pwm_signal_param_t * {aka const struct _ftm_chnl_pwm_signal_param *}' but argument is of type 'ftm_chnl_pwm_signal_param_t (*)[6] {aka struct _ftm_chnl_pwm_signal_param (*)[6]}'
 status_t FTM_SetupPwm(FTM_Type *base,
          ^~~~~~~~~~~~
../source/SmartHigh.c:108:21: warning: passing argument 2 of 'FTM_SetupPwm' from incompatible pointer type [-Wincompatible-pointer-types]
  FTM_SetupPwm(FTM2, &ftmParams, 2U, kFTM_EdgeAlignedPwm, 2400U,
                     ^
In file included from ../source/SmartHigh.c:8:0:
../drivers/fsl_ftm.h:441:10: note: expected 'const ftm_chnl_pwm_signal_param_t * {aka const struct _ftm_chnl_pwm_signal_param *}' but argument is of type 'ftm_chnl_pwm_signal_param_t (*)[6] {aka struct _ftm_chnl_pwm_signal_param (*)[6]}'
 status_t FTM_SetupPwm(FTM_Type *base,
          ^~~~~~~~~~~~
../source/SmartHigh.c:110:21: warning: passing argument 2 of 'FTM_SetupPwm' from incompatible pointer type [-Wincompatible-pointer-types]
  FTM_SetupPwm(FTM4, &ftmParams, 2U, kFTM_EdgeAlignedPwm, 2400U,
                     ^
In file included from ../source/SmartHigh.c:8:0:
../drivers/fsl_ftm.h:441:10: note: expected 'const ftm_chnl_pwm_signal_param_t * {aka const struct _ftm_chnl_pwm_signal_param *}' but argument is of type 'ftm_chnl_pwm_signal_param_t (*)[6] {aka struct _ftm_chnl_pwm_signal_param (*)[6]}'
 status_t FTM_SetupPwm(FTM_Type *base,
          ^~~~~~~~~~~~
make: *** [source/SmartHigh.o] Error 1
21:42:31 **** Incremental Build of configuration Debug for project SmartStripv2 ****
make -r -j4 all 
make: Nothing to be done for `all'.
21:42:53 **** Incremental Build of configuration Debug for project SmartHigh ****
make -r -j4 all 
Building file: ../source/SmartHigh.c
Invoking: MCU C Compiler
arm-none-eabi-gcc -D__REDLIB__ -DSDK_OS_BAREMETAL -DFSL_RTOS_BM -DSDK_DEBUGCONSOLE=0 -DCR_INTEGER_PRINTF -DPRINTF_FLOAT_ENABLE=0 -DCPU_MKV11Z64VFM7 -DCPU_MKV11Z64VFM7_cm0plus -D__MCUXPRESSO -D__USE_CMSIS -DDEBUG -I../board -I../source -I../ -I../drivers -I../CMSIS -I../startup -O0 -fno-common -g3 -Wall -c -ffunction-sections -fdata-sections -ffreestanding -fno-builtin -mcpu=cortex-m0plus -mthumb -D__REDLIB__ -specs=redlib.specs -MMD -MP -MF"source/SmartHigh.d" -MT"source/SmartHigh.o" -MT"source/SmartHigh.d" -o "source/SmartHigh.o" "../source/SmartHigh.c"
../source/SmartHigh.c: In function 'setPwm':
../source/SmartHigh.c:61:18: error: incompatible types when initializing type 'void *' using type 'struct <anonymous>'
  void *control = ftm->CONTROLS[dimChs[channel]];
                  ^~~
../source/SmartHigh.c:64:9: error: request for member 'CnV' in something not a structure or union
  control.CnV = val;
         ^
../source/SmartHigh.c:61:8: warning: variable 'control' set but not used [-Wunused-but-set-variable]
  void *control = ftm->CONTROLS[dimChs[channel]];
        ^~~~~~~
../source/SmartHigh.c: In function 'main':
../source/SmartHigh.c:104:21: warning: passing argument 2 of 'FTM_SetupPwm' from incompatible pointer type [-Wincompatible-pointer-types]
  FTM_SetupPwm(FTM0, &ftmParams, 6U, kFTM_EdgeAlignedPwm, 2400U,
                     ^
In file included from ../source/SmartHigh.c:8:0:
../drivers/fsl_ftm.h:441:10: note: expected 'const ftm_chnl_pwm_signal_param_t * {aka const struct _ftm_chnl_pwm_signal_param *}' but argument is of type 'ftm_chnl_pwm_signal_param_t (*)[6] {aka struct _ftm_chnl_pwm_signal_param (*)[6]}'
 status_t FTM_SetupPwm(FTM_Type *base,
          ^~~~~~~~~~~~
../source/SmartHigh.c:106:21: warning: passing argument 2 of 'FTM_SetupPwm' from incompatible pointer type [-Wincompatible-pointer-types]
  FTM_SetupPwm(FTM1, &ftmParams, 2U, kFTM_EdgeAlignedPwm, 2400U,
                     ^
In file included from ../source/SmartHigh.c:8:0:
../drivers/fsl_ftm.h:441:10: note: expected 'const ftm_chnl_pwm_signal_param_t * {aka const struct _ftm_chnl_pwm_signal_param *}' but argument is of type 'ftm_chnl_pwm_signal_param_t (*)[6] {aka struct _ftm_chnl_pwm_signal_param (*)[6]}'
 status_t FTM_SetupPwm(FTM_Type *base,
          ^~~~~~~~~~~~
../source/SmartHigh.c:108:21: warning: passing argument 2 of 'FTM_SetupPwm' from incompatible pointer type [-Wincompatible-pointer-types]
  FTM_SetupPwm(FTM2, &ftmParams, 2U, kFTM_EdgeAlignedPwm, 2400U,
                     ^
In file included from ../source/SmartHigh.c:8:0:
../drivers/fsl_ftm.h:441:10: note: expected 'const ftm_chnl_pwm_signal_param_t * {aka const struct _ftm_chnl_pwm_signal_param *}' but argument is of type 'ftm_chnl_pwm_signal_param_t (*)[6] {aka struct _ftm_chnl_pwm_signal_param (*)[6]}'
 status_t FTM_SetupPwm(FTM_Type *base,
          ^~~~~~~~~~~~
../source/SmartHigh.c:110:21: warning: passing argument 2 of 'FTM_SetupPwm' from incompatible pointer type [-Wincompatible-pointer-types]
  FTM_SetupPwm(FTM4, &ftmParams, 2U, kFTM_EdgeAlignedPwm, 2400U,
                     ^
In file included from ../source/SmartHigh.c:8:0:
../drivers/fsl_ftm.h:441:10: note: expected 'const ftm_chnl_pwm_signal_param_t * {aka const struct _ftm_chnl_pwm_signal_param *}' but argument is of type 'ftm_chnl_pwm_signal_param_t (*)[6] {aka struct _ftm_chnl_pwm_signal_param (*)[6]}'
 status_t FTM_SetupPwm(FTM_Type *base,
          ^~~~~~~~~~~~
make: *** [source/SmartHigh.o] Error 1
21:42:56 **** Incremental Build of configuration Debug for project SmartStripv2 ****
make -r -j4 all 
make: Nothing to be done for `all'.
21:43:41 **** Incremental Build of configuration Debug for project SmartHigh ****
make -r -j4 all 
Building file: ../source/SmartHigh.c
Invoking: MCU C Compiler
arm-none-eabi-gcc -D__REDLIB__ -DSDK_OS_BAREMETAL -DFSL_RTOS_BM -DSDK_DEBUGCONSOLE=0 -DCR_INTEGER_PRINTF -DPRINTF_FLOAT_ENABLE=0 -DCPU_MKV11Z64VFM7 -DCPU_MKV11Z64VFM7_cm0plus -D__MCUXPRESSO -D__USE_CMSIS -DDEBUG -I../board -I../source -I../ -I../drivers -I../CMSIS -I../startup -O0 -fno-common -g3 -Wall -c -ffunction-sections -fdata-sections -ffreestanding -fno-builtin -mcpu=cortex-m0plus -mthumb -D__REDLIB__ -specs=redlib.specs -MMD -MP -MF"source/SmartHigh.d" -MT"source/SmartHigh.o" -MT"source/SmartHigh.d" -o "source/SmartHigh.o" "../source/SmartHigh.c"
../source/SmartHigh.c: In function 'main':
../source/SmartHigh.c:103:21: warning: passing argument 2 of 'FTM_SetupPwm' from incompatible pointer type [-Wincompatible-pointer-types]
  FTM_SetupPwm(FTM0, &ftmParams, 6U, kFTM_EdgeAlignedPwm, 2400U,
                     ^
In file included from ../source/SmartHigh.c:8:0:
../drivers/fsl_ftm.h:441:10: note: expected 'const ftm_chnl_pwm_signal_param_t * {aka const struct _ftm_chnl_pwm_signal_param *}' but argument is of type 'ftm_chnl_pwm_signal_param_t (*)[6] {aka struct _ftm_chnl_pwm_signal_param (*)[6]}'
 status_t FTM_SetupPwm(FTM_Type *base,
          ^~~~~~~~~~~~
../source/SmartHigh.c:105:21: warning: passing argument 2 of 'FTM_SetupPwm' from incompatible pointer type [-Wincompatible-pointer-types]
  FTM_SetupPwm(FTM1, &ftmParams, 2U, kFTM_EdgeAlignedPwm, 2400U,
                     ^
In file included from ../source/SmartHigh.c:8:0:
../drivers/fsl_ftm.h:441:10: note: expected 'const ftm_chnl_pwm_signal_param_t * {aka const struct _ftm_chnl_pwm_signal_param *}' but argument is of type 'ftm_chnl_pwm_signal_param_t (*)[6] {aka struct _ftm_chnl_pwm_signal_param (*)[6]}'
 status_t FTM_SetupPwm(FTM_Type *base,
          ^~~~~~~~~~~~
../source/SmartHigh.c:107:21: warning: passing argument 2 of 'FTM_SetupPwm' from incompatible pointer type [-Wincompatible-pointer-types]
  FTM_SetupPwm(FTM2, &ftmParams, 2U, kFTM_EdgeAlignedPwm, 2400U,
                     ^
In file included from ../source/SmartHigh.c:8:0:
../drivers/fsl_ftm.h:441:10: note: expected 'const ftm_chnl_pwm_signal_param_t * {aka const struct _ftm_chnl_pwm_signal_param *}' but argument is of type 'ftm_chnl_pwm_signal_param_t (*)[6] {aka struct _ftm_chnl_pwm_signal_param (*)[6]}'
 status_t FTM_SetupPwm(FTM_Type *base,
          ^~~~~~~~~~~~
../source/SmartHigh.c:109:21: warning: passing argument 2 of 'FTM_SetupPwm' from incompatible pointer type [-Wincompatible-pointer-types]
  FTM_SetupPwm(FTM4, &ftmParams, 2U, kFTM_EdgeAlignedPwm, 2400U,
                     ^
In file included from ../source/SmartHigh.c:8:0:
../drivers/fsl_ftm.h:441:10: note: expected 'const ftm_chnl_pwm_signal_param_t * {aka const struct _ftm_chnl_pwm_signal_param *}' but argument is of type 'ftm_chnl_pwm_signal_param_t (*)[6] {aka struct _ftm_chnl_pwm_signal_param (*)[6]}'
 status_t FTM_SetupPwm(FTM_Type *base,
          ^~~~~~~~~~~~
Finished building: ../source/SmartHigh.c
 
Building target: SmartHigh.axf
Invoking: MCU Linker
arm-none-eabi-gcc -nostdlib -Xlinker -Map="SmartHigh.map" -Xlinker --gc-sections -Xlinker -print-memory-usage -mcpu=cortex-m0plus -mthumb -T SmartHigh_Debug.ld -o "SmartHigh.axf"  ./startup/startup_mkv11z7.o  ./source/SmartHigh.o ./source/mtb.o ./source/semihost_hardfault.o  ./drivers/fsl_clock.o ./drivers/fsl_common.o ./drivers/fsl_ftm.o ./drivers/fsl_gpio.o ./drivers/fsl_uart.o  ./board/board.o ./board/clock_config.o ./board/peripherals.o ./board/pin_mux.o  ./CMSIS/system_MKV11Z7.o   
Memory region         Used Size  Region Size  %age Used
   PROGRAM_FLASH:       10792 B        64 KB     16.47%
            SRAM:        2460 B        16 KB     15.01%
Finished building target: SmartHigh.axf
 
make --no-print-directory post-build
Performing post-build steps
arm-none-eabi-size "SmartHigh.axf"; # arm-none-eabi-objcopy -v -O binary "SmartHigh.axf" "SmartHigh.bin" ; # checksum -p MKV11Z64xxx7 -d "SmartHigh.bin";
   text	   data	    bss	    dec	    hex	filename
  10720	     72	   2388	  13180	   337c	SmartHigh.axf
 
22:35:19 **** Incremental Build of configuration Debug for project SmartHigh ****
make -r -j4 all 
make: Nothing to be done for `all'.
22:37:09 **** Incremental Build of configuration Debug for project SmartHigh ****
make -r -j4 all 
make: Nothing to be done for `all'.
22:41:14 **** Incremental Build of configuration Debug for project SmartHigh ****
make -r -j4 all 
Building file: ../source/SmartHigh.c
Invoking: MCU C Compiler
arm-none-eabi-gcc -D__REDLIB__ -DSDK_OS_BAREMETAL -DFSL_RTOS_BM -DSDK_DEBUGCONSOLE=0 -DCR_INTEGER_PRINTF -DPRINTF_FLOAT_ENABLE=0 -DCPU_MKV11Z64VFM7 -DCPU_MKV11Z64VFM7_cm0plus -D__MCUXPRESSO -D__USE_CMSIS -DDEBUG -I../board -I../source -I../ -I../drivers -I../CMSIS -I../startup -O0 -fno-common -g3 -Wall -c -ffunction-sections -fdata-sections -ffreestanding -fno-builtin -mcpu=cortex-m0plus -mthumb -D__REDLIB__ -specs=redlib.specs -MMD -MP -MF"source/SmartHigh.d" -MT"source/SmartHigh.o" -MT"source/SmartHigh.d" -o "source/SmartHigh.o" "../source/SmartHigh.c"
../source/SmartHigh.c: In function 'main':
../source/SmartHigh.c:103:21: warning: passing argument 2 of 'FTM_SetupPwm' from incompatible pointer type [-Wincompatible-pointer-types]
  FTM_SetupPwm(FTM0, &ftmParams, 6U, kFTM_EdgeAlignedPwm, 2400U,
                     ^
In file included from ../source/SmartHigh.c:8:0:
../drivers/fsl_ftm.h:441:10: note: expected 'const ftm_chnl_pwm_signal_param_t * {aka const struct _ftm_chnl_pwm_signal_param *}' but argument is of type 'ftm_chnl_pwm_signal_param_t (*)[6] {aka struct _ftm_chnl_pwm_signal_param (*)[6]}'
 status_t FTM_SetupPwm(FTM_Type *base,
          ^~~~~~~~~~~~
../source/SmartHigh.c:105:21: warning: passing argument 2 of 'FTM_SetupPwm' from incompatible pointer type [-Wincompatible-pointer-types]
  FTM_SetupPwm(FTM1, &ftmParams, 2U, kFTM_EdgeAlignedPwm, 2400U,
                     ^
In file included from ../source/SmartHigh.c:8:0:
../drivers/fsl_ftm.h:441:10: note: expected 'const ftm_chnl_pwm_signal_param_t * {aka const struct _ftm_chnl_pwm_signal_param *}' but argument is of type 'ftm_chnl_pwm_signal_param_t (*)[6] {aka struct _ftm_chnl_pwm_signal_param (*)[6]}'
 status_t FTM_SetupPwm(FTM_Type *base,
          ^~~~~~~~~~~~
../source/SmartHigh.c:107:21: warning: passing argument 2 of 'FTM_SetupPwm' from incompatible pointer type [-Wincompatible-pointer-types]
  FTM_SetupPwm(FTM2, &ftmParams, 2U, kFTM_EdgeAlignedPwm, 2400U,
                     ^
In file included from ../source/SmartHigh.c:8:0:
../drivers/fsl_ftm.h:441:10: note: expected 'const ftm_chnl_pwm_signal_param_t * {aka const struct _ftm_chnl_pwm_signal_param *}' but argument is of type 'ftm_chnl_pwm_signal_param_t (*)[6] {aka struct _ftm_chnl_pwm_signal_param (*)[6]}'
 status_t FTM_SetupPwm(FTM_Type *base,
          ^~~~~~~~~~~~
../source/SmartHigh.c:109:21: warning: passing argument 2 of 'FTM_SetupPwm' from incompatible pointer type [-Wincompatible-pointer-types]
  FTM_SetupPwm(FTM4, &ftmParams, 2U, kFTM_EdgeAlignedPwm, 2400U,
                     ^
In file included from ../source/SmartHigh.c:8:0:
../drivers/fsl_ftm.h:441:10: note: expected 'const ftm_chnl_pwm_signal_param_t * {aka const struct _ftm_chnl_pwm_signal_param *}' but argument is of type 'ftm_chnl_pwm_signal_param_t (*)[6] {aka struct _ftm_chnl_pwm_signal_param (*)[6]}'
 status_t FTM_SetupPwm(FTM_Type *base,
          ^~~~~~~~~~~~
Finished building: ../source/SmartHigh.c
 
Building target: SmartHigh.axf
Invoking: MCU Linker
[...]
Finished building: ../source/SmartHigh.c
 
Building target: SmartHigh.axf
Invoking: MCU Linker
arm-none-eabi-gcc -nostdlib -Xlinker -Map="SmartHigh.map" -Xlinker --gc-sections -Xlinker -print-memory-usage -mcpu=cortex-m0plus -mthumb -T SmartHigh_Debug.ld -o "SmartHigh.axf"  ./startup/startup_mkv11z7.o  ./source/SmartHigh.o ./source/mtb.o ./source/semihost_hardfault.o  ./drivers/fsl_clock.o ./drivers/fsl_common.o ./drivers/fsl_ftm.o ./drivers/fsl_gpio.o ./drivers/fsl_uart.o  ./board/board.o ./board/clock_config.o ./board/peripherals.o ./board/pin_mux.o  ./CMSIS/system_MKV11Z7.o   
Memory region         Used Size  Region Size  %age Used
   PROGRAM_FLASH:       11792 B        64 KB     17.99%
            SRAM:        2460 B        16 KB     15.01%
Finished building target: SmartHigh.axf
 
make --no-print-directory post-build
Performing post-build steps
arm-none-eabi-size "SmartHigh.axf"; # arm-none-eabi-objcopy -v -O binary "SmartHigh.axf" "SmartHigh.bin" ; # checksum -p MKV11Z64xxx7 -d "SmartHigh.bin";
   text	   data	    bss	    dec	    hex	filename
  11720	     72	   2388	  14180	   3764	SmartHigh.axf
 
15:00:26 **** Incremental Build of configuration Debug for project SmartHigh ****
make -r -j4 all 
Building file: ../source/SmartHigh.c
Invoking: MCU C Compiler
arm-none-eabi-gcc -D__REDLIB__ -DSDK_OS_BAREMETAL -DFSL_RTOS_BM -DSDK_DEBUGCONSOLE=0 -DCR_INTEGER_PRINTF -DPRINTF_FLOAT_ENABLE=0 -DCPU_MKV11Z64VFM7 -DCPU_MKV11Z64VFM7_cm0plus -D__MCUXPRESSO -D__USE_CMSIS -DDEBUG -I../board -I../source -I../ -I../drivers -I../CMSIS -I../startup -O0 -fno-common -g3 -Wall -c -ffunction-sections -fdata-sections -ffreestanding -fno-builtin -mcpu=cortex-m0plus -mthumb -D__REDLIB__ -specs=redlib.specs -MMD -MP -MF"source/SmartHigh.d" -MT"source/SmartHigh.o" -MT"source/SmartHigh.d" -o "source/SmartHigh.o" "../source/SmartHigh.c"
Finished building: ../source/SmartHigh.c
 
Building target: SmartHigh.axf
Invoking: MCU Linker
arm-none-eabi-gcc -nostdlib -Xlinker -Map="SmartHigh.map" -Xlinker --gc-sections -Xlinker -print-memory-usage -mcpu=cortex-m0plus -mthumb -T SmartHigh_Debug.ld -o "SmartHigh.axf"  ./startup/startup_mkv11z7.o  ./source/SmartHigh.o ./source/mtb.o ./source/semihost_hardfault.o  ./drivers/fsl_clock.o ./drivers/fsl_common.o ./drivers/fsl_ftm.o ./drivers/fsl_gpio.o ./drivers/fsl_uart.o  ./board/board.o ./board/clock_config.o ./board/peripherals.o ./board/pin_mux.o  ./CMSIS/system_MKV11Z7.o   
Memory region         Used Size  Region Size  %age Used
   PROGRAM_FLASH:       11792 B        64 KB     17.99%
            SRAM:        2460 B        16 KB     15.01%
Finished building target: SmartHigh.axf
 
make --no-print-directory post-build
Performing post-build steps
arm-none-eabi-size "SmartHigh.axf"; # arm-none-eabi-objcopy -v -O binary "SmartHigh.axf" "SmartHigh.bin" ; # checksum -p MKV11Z64xxx7 -d "SmartHigh.bin";
   text	   data	    bss	    dec	    hex	filename
  11720	     72	   2388	  14180	   3764	SmartHigh.axf
 
15:02:30 **** Incremental Build of configuration Debug for project SmartHigh ****
make -r -j4 all 
Building file: ../source/SmartHigh.c
Invoking: MCU C Compiler
arm-none-eabi-gcc -D__REDLIB__ -DSDK_OS_BAREMETAL -DFSL_RTOS_BM -DSDK_DEBUGCONSOLE=0 -DCR_INTEGER_PRINTF -DPRINTF_FLOAT_ENABLE=0 -DCPU_MKV11Z64VFM7 -DCPU_MKV11Z64VFM7_cm0plus -D__MCUXPRESSO -D__USE_CMSIS -DDEBUG -I../board -I../source -I../ -I../drivers -I../CMSIS -I../startup -O0 -fno-common -g3 -Wall -c -ffunction-sections -fdata-sections -ffreestanding -fno-builtin -mcpu=cortex-m0plus -mthumb -D__REDLIB__ -specs=redlib.specs -MMD -MP -MF"source/SmartHigh.d" -MT"source/SmartHigh.o" -MT"source/SmartHigh.d" -o "source/SmartHigh.o" "../source/SmartHigh.c"
Finished building: ../source/SmartHigh.c
 
Building target: SmartHigh.axf
Invoking: MCU Linker
arm-none-eabi-gcc -nostdlib -Xlinker -Map="SmartHigh.map" -Xlinker --gc-sections -Xlinker -print-memory-usage -mcpu=cortex-m0plus -mthumb -T SmartHigh_Debug.ld -o "SmartHigh.axf"  ./startup/startup_mkv11z7.o  ./source/SmartHigh.o ./source/mtb.o ./source/semihost_hardfault.o  ./drivers/fsl_clock.o ./drivers/fsl_common.o ./drivers/fsl_ftm.o ./drivers/fsl_gpio.o ./drivers/fsl_uart.o  ./board/board.o ./board/clock_config.o ./board/peripherals.o ./board/pin_mux.o  ./CMSIS/system_MKV11Z7.o   
Memory region         Used Size  Region Size  %age Used
   PROGRAM_FLASH:       11864 B        64 KB     18.10%
            SRAM:        2460 B        16 KB     15.01%
Finished building target: SmartHigh.axf
 
make --no-print-directory post-build
Performing post-build steps
arm-none-eabi-size "SmartHigh.axf"; # arm-none-eabi-objcopy -v -O binary "SmartHigh.axf" "SmartHigh.bin" ; # checksum -p MKV11Z64xxx7 -d "SmartHigh.bin";
   text	   data	    bss	    dec	    hex	filename
  11792	     72	   2388	  14252	   37ac	SmartHigh.axf
 
15:04:07 **** Incremental Build of configuration Debug for project SmartHigh ****
make -r -j4 all 
Building file: ../source/SmartHigh.c
Invoking: MCU C Compiler
arm-none-eabi-gcc -D__REDLIB__ -DSDK_OS_BAREMETAL -DFSL_RTOS_BM -DSDK_DEBUGCONSOLE=0 -DCR_INTEGER_PRINTF -DPRINTF_FLOAT_ENABLE=0 -DCPU_MKV11Z64VFM7 -DCPU_MKV11Z64VFM7_cm0plus -D__MCUXPRESSO -D__USE_CMSIS -DDEBUG -I../board -I../source -I../ -I../drivers -I../CMSIS -I../startup -O0 -fno-common -g3 -Wall -c -ffunction-sections -fdata-sections -ffreestanding -fno-builtin -mcpu=cortex-m0plus -mthumb -D__REDLIB__ -specs=redlib.specs -MMD -MP -MF"source/SmartHigh.d" -MT"source/SmartHigh.o" -MT"source/SmartHigh.d" -o "source/SmartHigh.o" "../source/SmartHigh.c"
Finished building: ../source/SmartHigh.c
 
Building target: SmartHigh.axf
Invoking: MCU Linker
arm-none-eabi-gcc -nostdlib -Xlinker -Map="SmartHigh.map" -Xlinker --gc-sections -Xlinker -print-memory-usage -mcpu=cortex-m0plus -mthumb -T SmartHigh_Debug.ld -o "SmartHigh.axf"  ./startup/startup_mkv11z7.o  ./source/SmartHigh.o ./source/mtb.o ./source/semihost_hardfault.o  ./drivers/fsl_clock.o ./drivers/fsl_common.o ./drivers/fsl_ftm.o ./drivers/fsl_gpio.o ./drivers/fsl_uart.o  ./board/board.o ./board/clock_config.o ./board/peripherals.o ./board/pin_mux.o  ./CMSIS/system_MKV11Z7.o   
Memory region         Used Size  Region Size  %age Used
   PROGRAM_FLASH:       11884 B        64 KB     18.13%
            SRAM:        2460 B        16 KB     15.01%
Finished building target: SmartHigh.axf
 
make --no-print-directory post-build
Performing post-build steps
arm-none-eabi-size "SmartHigh.axf"; # arm-none-eabi-objcopy -v -O binary "SmartHigh.axf" "SmartHigh.bin" ; # checksum -p MKV11Z64xxx7 -d "SmartHigh.bin";
   text	   data	    bss	    dec	    hex	filename
  11812	     72	   2388	  14272	   37c0	SmartHigh.axf
 
15:19:50 **** Incremental Build of configuration Debug for project SmartHigh ****
make -r -j4 all 
Building file: ../source/SmartHigh.c
Invoking: MCU C Compiler
arm-none-eabi-gcc -D__REDLIB__ -DSDK_OS_BAREMETAL -DFSL_RTOS_BM -DSDK_DEBUGCONSOLE=0 -DCR_INTEGER_PRINTF -DPRINTF_FLOAT_ENABLE=0 -DCPU_MKV11Z64VFM7 -DCPU_MKV11Z64VFM7_cm0plus -D__MCUXPRESSO -D__USE_CMSIS -DDEBUG -I../board -I../source -I../ -I../drivers -I../CMSIS -I../startup -O0 -fno-common -g3 -Wall -c -ffunction-sections -fdata-sections -ffreestanding -fno-builtin -mcpu=cortex-m0plus -mthumb -D__REDLIB__ -specs=redlib.specs -MMD -MP -MF"source/SmartHigh.d" -MT"source/SmartHigh.o" -MT"source/SmartHigh.d" -o "source/SmartHigh.o" "../source/SmartHigh.c"
../source/SmartHigh.c: In function 'main':
../source/SmartHigh.c:209:38: error: 'MAXWHITELEVEL' undeclared (first use in this function)
        setPwm(4,warmWhiteLevel*(4000/MAXWHITELEVEL))
                                      ^~~~~~~~~~~~~
../source/SmartHigh.c:209:38: note: each undeclared identifier is reported only once for each function it appears in
../source/SmartHigh.c:210:8: error: expected ';' before 'setPwm'
        setPwm(5,coolWhiteLevel*(4000/MAXWHITELEVEL))
        ^~~~~~
make: *** [source/SmartHigh.o] Error 1
15:20:18 **** Incremental Build of configuration Debug for project SmartHigh ****
make -r -j4 all 
Building file: ../source/SmartHigh.c
Invoking: MCU C Compiler
arm-none-eabi-gcc -D__REDLIB__ -DSDK_OS_BAREMETAL -DFSL_RTOS_BM -DSDK_DEBUGCONSOLE=0 -DCR_INTEGER_PRINTF -DPRINTF_FLOAT_ENABLE=0 -DCPU_MKV11Z64VFM7 -DCPU_MKV11Z64VFM7_cm0plus -D__MCUXPRESSO -D__USE_CMSIS -DDEBUG -I../board -I../source -I../ -I../drivers -I../CMSIS -I../startup -O0 -fno-common -g3 -Wall -c -ffunction-sections -fdata-sections -ffreestanding -fno-builtin -mcpu=cortex-m0plus -mthumb -D__REDLIB__ -specs=redlib.specs -MMD -MP -MF"source/SmartHigh.d" -MT"source/SmartHigh.o" -MT"source/SmartHigh.d" -o "source/SmartHigh.o" "../source/SmartHigh.c"
../source/SmartHigh.c: In function 'main':
../source/SmartHigh.c:12:23: error: expected expression before '=' token
 #define MAXWHITELEVEL = 550
                       ^
../source/SmartHigh.c:209:38: note: in expansion of macro 'MAXWHITELEVEL'
        setPwm(4,warmWhiteLevel*(4000/MAXWHITELEVEL))
                                      ^~~~~~~~~~~~~
make: *** [source/SmartHigh.o] Error 1
15:20:35 **** Incremental Build of configuration Debug for project SmartHigh ****
make -r -j4 all 
Building file: ../source/SmartHigh.c
Invoking: MCU C Compiler
arm-none-eabi-gcc -D__REDLIB__ -DSDK_OS_BAREMETAL -DFSL_RTOS_BM -DSDK_DEBUGCONSOLE=0 -DCR_INTEGER_PRINTF -DPRINTF_FLOAT_ENABLE=0 -DCPU_MKV11Z64VFM7 -DCPU_MKV11Z64VFM7_cm0plus -D__MCUXPRESSO -D__USE_CMSIS -DDEBUG -I../board -I../source -I../ -I../drivers -I../CMSIS -I../startup -O0 -fno-common -g3 -Wall -c -ffunction-sections -fdata-sections -ffreestanding -fno-builtin -mcpu=cortex-m0plus -mthumb -D__REDLIB__ -specs=redlib.specs -MMD -MP -MF"source/SmartHigh.d" -MT"source/SmartHigh.o" -MT"source/SmartHigh.d" -o "source/SmartHigh.o" "../source/SmartHigh.c"
../source/SmartHigh.c: In function 'main':
../source/SmartHigh.c:210:8: error: expected ';' before 'setPwm'
        setPwm(5,coolWhiteLevel*(4000/MAXWHITELEVEL))
        ^~~~~~
make: *** [source/SmartHigh.o] Error 1
15:21:03 **** Incremental Build of configuration Debug for project SmartHigh ****
make -r -j4 all 
Building file: ../source/SmartHigh.c
Invoking: MCU C Compiler
arm-none-eabi-gcc -D__REDLIB__ -DSDK_OS_BAREMETAL -DFSL_RTOS_BM -DSDK_DEBUGCONSOLE=0 -DCR_INTEGER_PRINTF -DPRINTF_FLOAT_ENABLE=0 -DCPU_MKV11Z64VFM7 -DCPU_MKV11Z64VFM7_cm0plus -D__MCUXPRESSO -D__USE_CMSIS -DDEBUG -I../board -I../source -I../ -I../drivers -I../CMSIS -I../startup -O0 -fno-common -g3 -Wall -c -ffunction-sections -fdata-sections -ffreestanding -fno-builtin -mcpu=cortex-m0plus -mthumb -D__REDLIB__ -specs=redlib.specs -MMD -MP -MF"source/SmartHigh.d" -MT"source/SmartHigh.o" -MT"source/SmartHigh.d" -o "source/SmartHigh.o" "../source/SmartHigh.c"
Finished building: ../source/SmartHigh.c
 
Building target: SmartHigh.axf
Invoking: MCU Linker
arm-none-eabi-gcc -nostdlib -Xlinker -Map="SmartHigh.map" -Xlinker --gc-sections -Xlinker -print-memory-usage -mcpu=cortex-m0plus -mthumb -T SmartHigh_Debug.ld -o "SmartHigh.axf"  ./startup/startup_mkv11z7.o  ./source/SmartHigh.o ./source/mtb.o ./source/semihost_hardfault.o  ./drivers/fsl_clock.o ./drivers/fsl_common.o ./drivers/fsl_ftm.o ./drivers/fsl_gpio.o ./drivers/fsl_uart.o  ./board/board.o ./board/clock_config.o ./board/peripherals.o ./board/pin_mux.o  ./CMSIS/system_MKV11Z7.o   
Memory region         Used Size  Region Size  %age Used
   PROGRAM_FLASH:       14628 B        64 KB     22.32%
            SRAM:        2460 B        16 KB     15.01%
Finished building target: SmartHigh.axf
 
make --no-print-directory post-build
Performing post-build steps
arm-none-eabi-size "SmartHigh.axf"; # arm-none-eabi-objcopy -v -O binary "SmartHigh.axf" "SmartHigh.bin" ; # checksum -p MKV11Z64xxx7 -d "SmartHigh.bin";
   text	   data	    bss	    dec	    hex	filename
  14556	     72	   2388	  17016	   4278	SmartHigh.axf
 
16:39:53 **** Incremental Build of configuration Debug for project SmartHigh ****
make -r -j4 all 
Building target: SmartHigh.axf
Invoking: MCU Linker
arm-none-eabi-gcc -nostdlib -Xlinker -Map="SmartHigh.map" -Xlinker --gc-sections -Xlinker -print-memory-usage -mcpu=cortex-m0plus -mthumb -T SmartHigh_Debug.ld -o "SmartHigh.axf"  ./startup/startup_mkv11z7.o  ./source/SmartHigh.o ./source/mtb.o ./source/semihost_hardfault.o  ./drivers/fsl_clock.o ./drivers/fsl_common.o ./drivers/fsl_ftm.o ./drivers/fsl_gpio.o ./drivers/fsl_uart.o  ./board/board.o ./board/clock_config.o ./board/peripherals.o ./board/pin_mux.o  ./CMSIS/system_MKV11Z7.o   
Memory region         Used Size  Region Size  %age Used
   PROGRAM_FLASH:       14628 B        64 KB     22.32%
            SRAM:        2460 B        16 KB     15.01%
Finished building target: SmartHigh.axf
 
make --no-print-directory post-build
Performing post-build steps
arm-none-eabi-size "SmartHigh.axf"; # arm-none-eabi-objcopy -v -O binary "SmartHigh.axf" "SmartHigh.bin" ; # checksum -p MKV11Z64xxx7 -d "SmartHigh.bin";
   text	   data	    bss	    dec	    hex	filename
  14556	     72	   2388	  17016	   4278	SmartHigh.axf
 
16:40:11 **** Incremental Build of configuration Debug for project SmartHigh ****
make -r -j4 all 
make: Nothing to be done for `all'.
16:42:21 **** Incremental Build of configuration Debug for project SmartHigh ****
make -r -j4 all 
make: Nothing to be done for `all'.
16:44:17 **** Incremental Build of configuration Debug for project SmartHigh ****
make -r -j4 all 
make: Nothing to be done for `all'.
16:45:59 **** Incremental Build of configuration Debug for project SmartHigh ****
make -r -j4 all 
make: Nothing to be done for `all'.
16:46:20 **** Incremental Build of configuration Debug for project SmartHigh ****
make -r -j4 all 
make: Nothing to be done for `all'.
16:48:01 **** Incremental Build of configuration Debug for project SmartHigh ****
make -r -j4 all 
Building target: SmartHigh.axf
Invoking: MCU Linker
arm-none-eabi-gcc -nostdlib -Xlinker -Map="SmartHigh.map" -Xlinker --gc-sections -Xlinker -print-memory-usage -mcpu=cortex-m0plus -mthumb -T SmartHigh_Debug.ld -o "SmartHigh.axf"  ./startup/startup_mkv11z7.o  ./source/SmartHigh.o ./source/mtb.o ./source/semihost_hardfault.o  ./drivers/fsl_clock.o ./drivers/fsl_common.o ./drivers/fsl_ftm.o ./drivers/fsl_gpio.o ./drivers/fsl_uart.o  ./board/board.o ./board/clock_config.o ./board/peripherals.o ./board/pin_mux.o  ./CMSIS/system_MKV11Z7.o   
Memory region         Used Size  Region Size  %age Used
   PROGRAM_FLASH:       14628 B        64 KB     22.32%
            SRAM:        2460 B        16 KB     15.01%
Finished building target: SmartHigh.axf
 
make --no-print-directory post-build
Performing post-build steps
arm-none-eabi-size "SmartHigh.axf"; # arm-none-eabi-objcopy -v -O binary "SmartHigh.axf" "SmartHigh.bin" ; # checksum -p MKV11Z64xxx7 -d "SmartHigh.bin";
   text	   data	    bss	    dec	    hex	filename
  14556	     72	   2388	  17016	   4278	SmartHigh.axf
 
16:54:58 **** Incremental Build of configuration Debug for project SmartHigh ****
make -r -j4 all 
Building target: SmartHigh.axf
Invoking: MCU Linker
arm-none-eabi-gcc -nostdlib -Xlinker -Map="SmartHigh.map" -Xlinker --gc-sections -Xlinker -print-memory-usage -mcpu=cortex-m0plus -mthumb -T SmartHigh_Debug.ld -o "SmartHigh.axf"  ./startup/startup_mkv11z7.o  ./source/SmartHigh.o ./source/mtb.o ./source/semihost_hardfault.o  ./drivers/fsl_clock.o ./drivers/fsl_common.o ./drivers/fsl_ftm.o ./drivers/fsl_gpio.o ./drivers/fsl_uart.o  ./board/board.o ./board/clock_config.o ./board/peripherals.o ./board/pin_mux.o  ./CMSIS/system_MKV11Z7.o   
Memory region         Used Size  Region Size  %age Used
   PROGRAM_FLASH:       14628 B        64 KB     22.32%
            SRAM:        2460 B        16 KB     15.01%
Finished building target: SmartHigh.axf
 
make --no-print-directory post-build
Performing post-build steps
arm-none-eabi-size "SmartHigh.axf"; # arm-none-eabi-objcopy -v -O binary "SmartHigh.axf" "SmartHigh.bin" ; # checksum -p MKV11Z64xxx7 -d "SmartHigh.bin";
   text	   data	    bss	    dec	    hex	filename
  14556	     72	   2388	  17016	   4278	SmartHigh.axf
 
16:57:22 **** Incremental Build of configuration Debug for project SmartHigh ****
make -r -j4 all 
make: Nothing to be done for `all'.
16:59:46 **** Incremental Build of configuration Debug for project SmartHigh ****
make -r -j4 all 
Building file: ../source/SmartHigh.c
Invoking: MCU C Compiler
arm-none-eabi-gcc -D__REDLIB__ -DSDK_OS_BAREMETAL -DFSL_RTOS_BM -DSDK_DEBUGCONSOLE=0 -DCR_INTEGER_PRINTF -DPRINTF_FLOAT_ENABLE=0 -DCPU_MKV11Z64VFM7 -DCPU_MKV11Z64VFM7_cm0plus -D__MCUXPRESSO -D__USE_CMSIS -DDEBUG -I../board -I../source -I../ -I../drivers -I../CMSIS -I../startup -O0 -fno-common -g3 -Wall -c -ffunction-sections -fdata-sections -ffreestanding -fno-builtin -mcpu=cortex-m0plus -mthumb -D__REDLIB__ -specs=redlib.specs -MMD -MP -MF"source/SmartHigh.d" -MT"source/SmartHigh.o" -MT"source/SmartHigh.d" -o "source/SmartHigh.o" "../source/SmartHigh.c"
Finished building: ../source/SmartHigh.c
 
Building target: SmartHigh.axf
Invoking: MCU Linker
arm-none-eabi-gcc -nostdlib -Xlinker -Map="SmartHigh.map" -Xlinker --gc-sections -Xlinker -print-memory-usage -mcpu=cortex-m0plus -mthumb -T SmartHigh_Debug.ld -o "SmartHigh.axf"  ./startup/startup_mkv11z7.o  ./source/SmartHigh.o ./source/mtb.o ./source/semihost_hardfault.o  ./drivers/fsl_clock.o ./drivers/fsl_common.o ./drivers/fsl_ftm.o ./drivers/fsl_gpio.o ./drivers/fsl_uart.o  ./board/board.o ./board/clock_config.o ./board/peripherals.o ./board/pin_mux.o  ./CMSIS/system_MKV11Z7.o   
Memory region         Used Size  Region Size  %age Used
   PROGRAM_FLASH:       14640 B        64 KB     22.34%
            SRAM:        2460 B        16 KB     15.01%
Finished building target: SmartHigh.axf
 
make --no-print-directory post-build
Performing post-build steps
arm-none-eabi-size "SmartHigh.axf"; # arm-none-eabi-objcopy -v -O binary "SmartHigh.axf" "SmartHigh.bin" ; # checksum -p MKV11Z64xxx7 -d "SmartHigh.bin";
   text	   data	    bss	    dec	    hex	filename
  14568	     72	   2388	  17028	   4284	SmartHigh.axf
 
17:02:53 **** Incremental Build of configuration Debug for project SmartHigh ****
make -r -j4 all 
make: Nothing to be done for `all'.
17:05:59 **** Incremental Build of configuration Debug for project SmartHigh ****
make -r -j4 all 
Building file: ../source/SmartHigh.c
Invoking: MCU C Compiler
arm-none-eabi-gcc -D__REDLIB__ -DSDK_OS_BAREMETAL -DFSL_RTOS_BM -DSDK_DEBUGCONSOLE=0 -DCR_INTEGER_PRINTF -DPRINTF_FLOAT_ENABLE=0 -DCPU_MKV11Z64VFM7 -DCPU_MKV11Z64VFM7_cm0plus -D__MCUXPRESSO -D__USE_CMSIS -DDEBUG -I../board -I../source -I../ -I../drivers -I../CMSIS -I../startup -O0 -fno-common -g3 -Wall -c -ffunction-sections -fdata-sections -ffreestanding -fno-builtin -mcpu=cortex-m0plus -mthumb -D__REDLIB__ -specs=redlib.specs -MMD -MP -MF"source/SmartHigh.d" -MT"source/SmartHigh.o" -MT"source/SmartHigh.d" -o "source/SmartHigh.o" "../source/SmartHigh.c"
Finished building: ../source/SmartHigh.c
 
Building target: SmartHigh.axf
Invoking: MCU Linker
arm-none-eabi-gcc -nostdlib -Xlinker -Map="SmartHigh.map" -Xlinker --gc-sections -Xlinker -print-memory-usage -mcpu=cortex-m0plus -mthumb -T SmartHigh_Debug.ld -o "SmartHigh.axf"  ./startup/startup_mkv11z7.o  ./source/SmartHigh.o ./source/mtb.o ./source/semihost_hardfault.o  ./drivers/fsl_clock.o ./drivers/fsl_common.o ./drivers/fsl_ftm.o ./drivers/fsl_gpio.o ./drivers/fsl_uart.o  ./board/board.o ./board/clock_config.o ./board/peripherals.o ./board/pin_mux.o  ./CMSIS/system_MKV11Z7.o   
Memory region         Used Size  Region Size  %age Used
   PROGRAM_FLASH:       14636 B        64 KB     22.33%
            SRAM:        2460 B        16 KB     15.01%
Finished building target: SmartHigh.axf
 
make --no-print-directory post-build
Performing post-build steps
arm-none-eabi-size "SmartHigh.axf"; # arm-none-eabi-objcopy -v -O binary "SmartHigh.axf" "SmartHigh.bin" ; # checksum -p MKV11Z64xxx7 -d "SmartHigh.bin";
   text	   data	    bss	    dec	    hex	filename
  14564	     72	   2388	  17024	   4280	SmartHigh.axf
 
